2026-09-05T19:14:58.0134421Z Current runner version: '2.337.0'
2026-09-05T19:14:58.0160253Z ##[group]Runner Image Provisioner
2026-09-05T19:14:58.0161130Z Hosted Compute Agent
2026-09-05T19:14:58.0161838Z Version: 20260828.587
2026-09-05T19:14:58.0162519Z Commit: abac92662cab4cc7352de4f9f9d2e2419aad9c29
2026-09-05T19:14:58.0163244Z Build Date: 2026-08-28T16:44:25Z
2026-09-05T19:14:58.0164235Z Worker ID: {ad638ec7-065d-4460-9a75-96788637c7df}
2026-09-05T19:14:58.0164986Z Azure Region: westus
2026-09-05T19:14:58.0165602Z ##[endgroup]
2026-09-05T19:14:58.0167322Z ##[group]Operating System
2026-09-05T19:14:58.0167966Z Ubuntu
2026-09-05T19:14:58.0168606Z 24.04.4
2026-09-05T19:14:58.0169113Z LTS
2026-09-05T19:14:58.0169602Z ##[endgroup]
2026-09-05T19:14:58.0170317Z ##[group]Runner Image
2026-09-05T19:14:58.0170981Z Image: ubuntu-24.04
2026-09-05T19:14:58.0171652Z Version: 20260831.293.1
2026-09-05T19:14:58.0172962Z Included Software: https://github.com/actions/runner-images/blob/ubuntu24/20260831.293/images/ubuntu/Ubuntu2404-Readme.md
2026-09-05T19:14:58.0175065Z Image Release: https://github.com/actions/runner-images/releases/tag/ubuntu24%2F20260831.293
2026-09-05T19:14:58.0176048Z ##[endgroup]
2026-09-05T19:14:58.0177338Z ##[group]GITHUB_TOKEN Permissions
2026-09-05T19:14:58.0179563Z Contents: read
2026-09-05T19:14:58.0180280Z Metadata: read
2026-09-05T19:14:58.0180834Z Packages: read
2026-09-05T19:14:58.0181775Z ##[endgroup]
2026-09-05T19:14:58.0183862Z Secret source: Actions
2026-09-05T19:14:58.0185646Z Prepare workflow directory
2026-09-05T19:14:58.0591156Z Prepare all required actions
2026-09-05T19:14:58.0642635Z Getting action download info
2026-09-05T19:14:58.4088075Z Download action repository 'actions/checkout@v4' (SHA:11d5960a326750d5838078e36cf38b85af677262)
2026-09-05T19:14:58.5511741Z Download action repository 'dtolnay/rust-toolchain@stable' (SHA:6bed0761d98439e5a578e2877258200ad565ba87)
2026-09-05T19:14:58.7386297Z Download action repository 'Swatinem/rust-cache@v2' (SHA:6323deb102c322ba6fcbdcafc7e3dddab59af2b6)
2026-09-05T19:14:59.2786234Z Complete job name: Rust (check + test build)
2026-09-05T19:14:59.3636856Z Node 20 is being deprecated. This workflow is running with Node 24 by default. If you need to temporarily use Node 20, you can set the ACTIONS_ALLOW_USE_UNSECURE_NODE_VERSION=true environment variable. For more information see: https://github.blog/changelog/2025-09-19-deprecation-of-node-20-on-github-actions-runners/
2026-09-05T19:14:59.3646453Z ##[group]Run actions/checkout@v4
2026-09-05T19:14:59.3647300Z with:
2026-09-05T19:14:59.3647815Z   repository: legacy-king/freebuff
2026-09-05T19:14:59.3651966Z   token: ***
2026-09-05T19:14:59.3652460Z   ssh-strict: true
2026-09-05T19:14:59.3652943Z   ssh-user: git
2026-09-05T19:14:59.3653432Z   persist-credentials: true
2026-09-05T19:14:59.3653965Z   clean: true
2026-09-05T19:14:59.3654749Z   sparse-checkout-cone-mode: true
2026-09-05T19:14:59.3655322Z   fetch-depth: 1
2026-09-05T19:14:59.3655791Z   fetch-tags: false
2026-09-05T19:14:59.3656273Z   show-progress: true
2026-09-05T19:14:59.3656807Z   lfs: false
2026-09-05T19:14:59.3657329Z   submodules: false
2026-09-05T19:14:59.3657824Z   set-safe-directory: true
2026-09-05T19:14:59.3658375Z   allow-unsafe-pr-checkout: false
2026-09-05T19:14:59.3659255Z env:
2026-09-05T19:14:59.3659734Z   CARGO_TERM_COLOR: always
2026-09-05T19:14:59.3660260Z ##[endgroup]
2026-09-05T19:14:59.4754687Z Syncing repository: legacy-king/freebuff
2026-09-05T19:14:59.4757591Z ##[group]Getting Git version info
2026-09-05T19:14:59.4758918Z Working directory is '/home/runner/work/freebuff/freebuff'
2026-09-05T19:14:59.4760759Z [command]/usr/bin/git version
2026-09-05T19:14:59.4878277Z git version 2.55.0
2026-09-05T19:14:59.4902566Z ##[endgroup]
2026-09-05T19:14:59.4920474Z Temporarily overriding HOME='/home/runner/work/_temp/1cb483da-81e4-4700-a167-1a2bf96d4b24' before making global git config changes
2026-09-05T19:14:59.4923595Z Adding repository directory to the temporary git global config as a safe directory
2026-09-05T19:14:59.4926218Z [command]/usr/bin/git config --global --add safe.directory /home/runner/work/freebuff/freebuff
2026-09-05T19:14:59.4984522Z Deleting the contents of '/home/runner/work/freebuff/freebuff'
2026-09-05T19:14:59.4994330Z ##[group]Initializing the repository
2026-09-05T19:14:59.4995945Z [command]/usr/bin/git init /home/runner/work/freebuff/freebuff
2026-09-05T19:14:59.5130672Z hint: Using 'master' as the name for the initial branch. This default branch name
2026-09-05T19:14:59.5133312Z hint: will change to "main" in Git 3.0. To configure the initial branch name
2026-09-05T19:14:59.5135563Z hint: to use in all of your new repositories, which will suppress this warning,
2026-09-05T19:14:59.5137037Z hint: call:
2026-09-05T19:14:59.5137919Z hint:
2026-09-05T19:14:59.5139534Z hint: 	git config --global init.defaultBranch <name>
2026-09-05T19:14:59.5140996Z hint:
2026-09-05T19:14:59.5142429Z hint: Names commonly chosen instead of 'master' are 'main', 'trunk' and
2026-09-05T19:14:59.5144838Z hint: 'development'. The just-created branch can be renamed via this command:
2026-09-05T19:14:59.5146882Z hint:
2026-09-05T19:14:59.5147893Z hint: 	git branch -m <name>
2026-09-05T19:14:59.5149000Z hint:
2026-09-05T19:14:59.5150237Z hint: Disable this message with "git config set advice.defaultBranchName false"
2026-09-05T19:14:59.5152966Z Initialized empty Git repository in /home/runner/work/freebuff/freebuff/.git/
2026-09-05T19:14:59.5157245Z [command]/usr/bin/git remote add origin https://github.com/legacy-king/freebuff
2026-09-05T19:14:59.5199770Z ##[endgroup]
2026-09-05T19:14:59.5201553Z ##[group]Disabling automatic garbage collection
2026-09-05T19:14:59.5205420Z [command]/usr/bin/git config --local gc.auto 0
2026-09-05T19:14:59.5244455Z ##[endgroup]
2026-09-05T19:14:59.5245971Z ##[group]Setting up auth
2026-09-05T19:14:59.5251956Z [command]/usr/bin/git config --local --name-only --get-regexp core\.sshCommand
2026-09-05T19:14:59.5297958Z [command]/usr/bin/git submodule foreach --recursive sh -c "git config --local --name-only --get-regexp 'core\.sshCommand' && git config --local --unset-all 'core.sshCommand' || :"
2026-09-05T19:14:59.5709552Z [command]/usr/bin/git config --local --name-only --get-regexp http\.https\:\/\/github\.com\/\.extraheader
2026-09-05T19:14:59.5749610Z [command]/usr/bin/git submodule foreach --recursive sh -c "git config --local --name-only --get-regexp 'http\.https\:\/\/github\.com\/\.extraheader' && git config --local --unset-all 'http.https://github.com/.extraheader' || :"
2026-09-05T19:14:59.6009610Z [command]/usr/bin/git config --local --name-only --get-regexp ^includeIf\.gitdir:
2026-09-05T19:14:59.6059820Z [command]/usr/bin/git submodule foreach --recursive git config --local --show-origin --name-only --get-regexp remote.origin.url
2026-09-05T19:14:59.6320127Z [command]/usr/bin/git config --local http.https://github.com/.extraheader AUTHORIZATION: basic ***
2026-09-05T19:14:59.6365403Z ##[endgroup]
2026-09-05T19:14:59.6366508Z ##[group]Fetching the repository
2026-09-05T19:14:59.6376644Z [command]/usr/bin/git -c protocol.version=2 fetch --no-tags --prune --no-recurse-submodules --depth=1 origin +f28ffef5898360ffd70e4b02a743073976c1bd6d:refs/remotes/origin/main
2026-09-05T19:15:00.0845316Z From https://github.com/legacy-king/freebuff
2026-09-05T19:15:00.0847066Z  * [new ref]         f28ffef5898360ffd70e4b02a743073976c1bd6d -> origin/main
2026-09-05T19:15:00.0851865Z ##[endgroup]
2026-09-05T19:15:00.0852945Z ##[group]Determining the checkout info
2026-09-05T19:15:00.0864825Z ##[endgroup]
2026-09-05T19:15:00.0865963Z [command]/usr/bin/git sparse-checkout disable
2026-09-05T19:15:00.0928771Z [command]/usr/bin/git config --local --unset-all extensions.worktreeConfig
2026-09-05T19:15:00.0976700Z ##[group]Checking out the ref
2026-09-05T19:15:00.0977959Z [command]/usr/bin/git checkout --progress --force -B main refs/remotes/origin/main
2026-09-05T19:15:00.1124968Z Switched to a new branch 'main'
2026-09-05T19:15:00.1132423Z branch 'main' set up to track 'origin/main'.
2026-09-05T19:15:00.1138169Z ##[endgroup]
2026-09-05T19:15:00.1188748Z [command]/usr/bin/git log -1 --format=%H
2026-09-05T19:15:00.1226015Z f28ffef5898360ffd70e4b02a743073976c1bd6d
2026-09-05T19:15:00.1896750Z ##[group]Run dtolnay/rust-toolchain@stable
2026-09-05T19:15:00.1897677Z with:
2026-09-05T19:15:00.1898199Z   toolchain: stable
2026-09-05T19:15:00.1898773Z env:
2026-09-05T19:15:00.1899287Z   CARGO_TERM_COLOR: always
2026-09-05T19:15:00.1899943Z ##[endgroup]
2026-09-05T19:15:00.1984892Z ##[start-action display=Parse toolchain version;id=__dtolnay_rust-toolchain.parse]
2026-09-05T19:15:00.2063623Z ##[group]Run if [[ -z $toolchain ]]; then
2026-09-05T19:15:00.2064916Z [36;1mif [[ -z $toolchain ]]; then[0m
2026-09-05T19:15:00.2066484Z [36;1m  # GitHub does not enforce `required: true` inputs itself. https://github.com/actions/runner/issues/1070[0m
2026-09-05T19:15:00.2068223Z [36;1m  echo "'toolchain' is a required input" >&2[0m
2026-09-05T19:15:00.2069148Z [36;1m  exit 1[0m
2026-09-05T19:15:00.2070153Z [36;1melif [[ $toolchain =~ ^stable' '[0-9]+' '(year|month|week|day)s?' 'ago$ ]]; then[0m
2026-09-05T19:15:00.2071419Z [36;1m  if [[ Linux == macOS ]]; then[0m
2026-09-05T19:15:00.2073043Z [36;1m    echo "toolchain=1.$((($(date -v-$(sed 's/stable \([0-9]*\) \(.\).*/\1\2/' <<< $toolchain) +%s)/60/60/24-16569)/7/6))" >> $GITHUB_OUTPUT[0m
2026-09-05T19:15:00.2074834Z [36;1m  else[0m
2026-09-05T19:15:00.2076025Z [36;1m    echo "toolchain=1.$((($(date --date "${toolchain#stable }" +%s)/60/60/24-16569)/7/6))" >> $GITHUB_OUTPUT[0m
2026-09-05T19:15:00.2077499Z [36;1m  fi[0m
2026-09-05T19:15:00.2078340Z [36;1melif [[ $toolchain =~ ^stable' 'minus' '[0-9]+' 'releases?$ ]]; then[0m
2026-09-05T19:15:00.2079955Z [36;1m  echo "toolchain=1.$((($(date +%s)/60/60/24-16569)/7/6-${toolchain//[^0-9]/}))" >> $GITHUB_OUTPUT[0m
2026-09-05T19:15:00.2081357Z [36;1melif [[ $toolchain =~ ^1\.[0-9]+$ ]]; then[0m
2026-09-05T19:15:00.2082978Z [36;1m  echo "toolchain=1.$((i=${toolchain#1.}, c=($(date +%s)/60/60/24-16569)/7/6, i+9*i*(10*i<=c)+90*i*(100*i<=c)))" >> $GITHUB_OUTPUT[0m
2026-09-05T19:15:00.2084698Z [36;1melse[0m
2026-09-05T19:15:00.2085401Z [36;1m  echo "toolchain=$toolchain" >> $GITHUB_OUTPUT[0m
2026-09-05T19:15:00.2086280Z [36;1mfi[0m
2026-09-05T19:15:00.2130265Z shell: /usr/bin/bash --noprofile --norc -e -o pipefail {0}
2026-09-05T19:15:00.2131294Z env:
2026-09-05T19:15:00.2131818Z   CARGO_TERM_COLOR: always
2026-09-05T19:15:00.2132471Z   toolchain: stable
2026-09-05T19:15:00.2133034Z ##[endgroup]
2026-09-05T19:15:00.2270632Z ##[end-action id=__dtolnay_rust-toolchain.parse;outcome=success;conclusion=success;duration_ms=28]
2026-09-05T19:15:00.2288309Z ##[start-action display=Construct rustup command line;id=__dtolnay_rust-toolchain.flags]
2026-09-05T19:15:00.2332069Z ##[group]Run echo "targets=$(for t in ${targets//,/ }; do echo -n ' --target' $t; done)" >> $GITHUB_OUTPUT
2026-09-05T19:15:00.2334332Z [36;1mecho "targets=$(for t in ${targets//,/ }; do echo -n ' --target' $t; done)" >> $GITHUB_OUTPUT[0m
2026-09-05T19:15:00.2336351Z [36;1mecho "components=$(for c in ${components//,/ }; do echo -n ' --component' $c; done)" >> $GITHUB_OUTPUT[0m
2026-09-05T19:15:00.2337895Z [36;1mecho "downgrade=" >> $GITHUB_OUTPUT[0m
2026-09-05T19:15:00.2377581Z shell: /usr/bin/bash --noprofile --norc -e -o pipefail {0}
2026-09-05T19:15:00.2378548Z env:
2026-09-05T19:15:00.2379051Z   CARGO_TERM_COLOR: always
2026-09-05T19:15:00.2379725Z   targets: 
2026-09-05T19:15:00.2380219Z   components: 
2026-09-05T19:15:00.2380734Z ##[endgroup]
2026-09-05T19:15:00.2472828Z ##[end-action id=__dtolnay_rust-toolchain.flags;outcome=success;conclusion=success;duration_ms=18]
2026-09-05T19:15:00.2478463Z ##[start-action display=Set $CARGO_HOME;id=__dtolnay_rust-toolchain.__run]
2026-09-05T19:15:00.2511896Z ##[group]Run echo CARGO_HOME=${CARGO_HOME:-"$HOME/.cargo"} >> $GITHUB_ENV
2026-09-05T19:15:00.2513280Z [36;1mecho CARGO_HOME=${CARGO_HOME:-"$HOME/.cargo"} >> $GITHUB_ENV[0m
2026-09-05T19:15:00.2552268Z shell: /usr/bin/bash --noprofile --norc -e -o pipefail {0}
2026-09-05T19:15:00.2553223Z env:
2026-09-05T19:15:00.2553946Z   CARGO_TERM_COLOR: always
2026-09-05T19:15:00.2554962Z ##[endgroup]
2026-09-05T19:15:00.2636549Z ##[end-action id=__dtolnay_rust-toolchain.__run;outcome=success;conclusion=success;duration_ms=15]
2026-09-05T19:15:00.2641788Z ##[start-action display=Install rustup if needed;id=__dtolnay_rust-toolchain.__run_2]
2026-09-05T19:15:00.2682918Z ##[group]Run if ! command -v rustup &>/dev/null; then
2026-09-05T19:15:00.2683929Z [36;1mif ! command -v rustup &>/dev/null; then[0m
2026-09-05T19:15:00.2686512Z [36;1m  curl --proto '=https' --tlsv1.2 --retry 10 --retry-connrefused --location --silent --show-error --fail https://sh.rustup.rs | sh -s -- --default-toolchain none -y[0m
2026-09-05T19:15:00.2688761Z [36;1m  echo "$CARGO_HOME/bin" >> $GITHUB_PATH[0m
2026-09-05T19:15:00.2689580Z [36;1mfi[0m
2026-09-05T19:15:00.2726566Z shell: /usr/bin/bash --noprofile --norc -e -o pipefail {0}
2026-09-05T19:15:00.2727624Z env:
2026-09-05T19:15:00.2728134Z   CARGO_TERM_COLOR: always
2026-09-05T19:15:00.2728812Z   CARGO_HOME: /home/runner/.cargo
2026-09-05T19:15:00.2729499Z ##[endgroup]
2026-09-05T19:15:00.2806953Z ##[end-action id=__dtolnay_rust-toolchain.__run_2;outcome=success;conclusion=success;duration_ms=16]
2026-09-05T19:15:00.2812406Z ##[start-action display=Install rustup if needed on windows;id=__dtolnay_rust-toolchain.__run_3]
2026-09-05T19:15:00.2825954Z ##[end-action id=__dtolnay_rust-toolchain.__run_3;outcome=skipped;conclusion=skipped;duration_ms=0]
2026-09-05T19:15:00.2840832Z ##[start-action display=rustup toolchain install stable;id=__dtolnay_rust-toolchain.__run_4]
2026-09-05T19:15:00.2873605Z ##[group]Run rustup toolchain install stable --profile minimal --no-self-update
2026-09-05T19:15:00.2875630Z [36;1mrustup toolchain install stable --profile minimal --no-self-update[0m
2026-09-05T19:15:00.2913316Z shell: /usr/bin/bash --noprofile --norc -e -o pipefail {0}
2026-09-05T19:15:00.2914595Z env:
2026-09-05T19:15:00.2915102Z   CARGO_TERM_COLOR: always
2026-09-05T19:15:00.2915768Z   CARGO_HOME: /home/runner/.cargo
2026-09-05T19:15:00.2916519Z   RUSTUP_PERMIT_COPY_RENAME: 1
2026-09-05T19:15:00.2917211Z ##[endgroup]
2026-09-05T19:15:00.5102332Z info: syncing channel updates for stable-x86_64-unknown-linux-gnu
2026-09-05T19:15:00.6045072Z info: latest update on 2026-09-03 for version 1.98.1 (48a229cea 2026-09-01)
2026-09-05T19:15:00.6196498Z info: removing previous version of component clippy
2026-09-05T19:15:00.6217349Z info: removing previous version of component rustfmt
2026-09-05T19:15:00.6228613Z info: removing previous version of component cargo
2026-09-05T19:15:00.6275359Z info: removing previous version of component rust-std
2026-09-05T19:15:00.6322033Z info: removing previous version of component rustc
2026-09-05T19:15:00.6372971Z info: downloading 5 components
2026-09-05T19:15:08.7213864Z 
2026-09-05T19:15:08.7306341Z   stable-x86_64-unknown-linux-gnu updated - rustc 1.98.1 (48a229cea 2026-09-01) (from rustc 1.98.0 (88d9e12ae 2026-08-18))
2026-09-05T19:15:08.7307881Z 
2026-09-05T19:15:08.7380218Z ##[end-action id=__dtolnay_rust-toolchain.__run_4;outcome=success;conclusion=success;duration_ms=8453]
2026-09-05T19:15:08.7390488Z ##[start-action display=rustup default stable;id=__dtolnay_rust-toolchain.__run_5]
2026-09-05T19:15:08.7416386Z ##[group]Run rustup default stable
2026-09-05T19:15:08.7416749Z [36;1mrustup default stable[0m
2026-09-05T19:15:08.7455998Z shell: /usr/bin/bash --noprofile --norc -e -o pipefail {0}
2026-09-05T19:15:08.7456430Z env:
2026-09-05T19:15:08.7456693Z   CARGO_TERM_COLOR: always
2026-09-05T19:15:08.7457012Z   CARGO_HOME: /home/runner/.cargo
2026-09-05T19:15:08.7457331Z ##[endgroup]
2026-09-05T19:15:08.7571969Z info: using existing install for stable-x86_64-unknown-linux-gnu
2026-09-05T19:15:08.7579753Z info: default toolchain set to stable-x86_64-unknown-linux-gnu
2026-09-05T19:15:08.7580274Z 
2026-09-05T19:15:08.7653012Z   stable-x86_64-unknown-linux-gnu unchanged - rustc 1.98.1 (48a229cea 2026-09-01)
2026-09-05T19:15:08.7653787Z 
2026-09-05T19:15:08.7673083Z ##[end-action id=__dtolnay_rust-toolchain.__run_5;outcome=success;conclusion=success;duration_ms=28]
2026-09-05T19:15:08.7677759Z ##[start-action display=Create cachekey;id=__dtolnay_rust-toolchain.rustc-version]
2026-09-05T19:15:08.7704557Z ##[group]Run DATE=$(rustc +stable --version --verbose | sed -ne 's/^commit-date: \(20[0-9][0-9]\)-\([01][0-9]\)-\([0-3][0-9]\)$/\1\2\3/p')
2026-09-05T19:15:08.7705586Z [36;1mDATE=$(rustc +stable --version --verbose | sed -ne 's/^commit-date: \(20[0-9][0-9]\)-\([01][0-9]\)-\([0-3][0-9]\)$/\1\2\3/p')[0m
2026-09-05T19:15:08.7706394Z [36;1mHASH=$(rustc +stable --version --verbose | sed -ne 's/^commit-hash: //p')[0m
2026-09-05T19:15:08.7707008Z [36;1mecho "cachekey=$(echo $DATE$HASH | head -c12)" >> $GITHUB_OUTPUT[0m
2026-09-05T19:15:08.7746413Z shell: /usr/bin/bash --noprofile --norc -e -o pipefail {0}
2026-09-05T19:15:08.7746856Z env:
2026-09-05T19:15:08.7747125Z   CARGO_TERM_COLOR: always
2026-09-05T19:15:08.7747457Z   CARGO_HOME: /home/runner/.cargo
2026-09-05T19:15:08.7747849Z ##[endgroup]
2026-09-05T19:15:08.8108763Z ##[end-action id=__dtolnay_rust-toolchain.rustc-version;outcome=success;conclusion=success;duration_ms=42]
2026-09-05T19:15:08.8112265Z ##[start-action display=Disable incremental compilation;id=__dtolnay_rust-toolchain.__run_6]
2026-09-05T19:15:08.8136234Z ##[group]Run if [ -z "${CARGO_INCREMENTAL+set}" ]; then
2026-09-05T19:15:08.8136697Z [36;1mif [ -z "${CARGO_INCREMENTAL+set}" ]; then[0m
2026-09-05T19:15:08.8137094Z [36;1m  echo CARGO_INCREMENTAL=0 >> $GITHUB_ENV[0m
2026-09-05T19:15:08.8137435Z [36;1mfi[0m
2026-09-05T19:15:08.8176082Z shell: /usr/bin/bash --noprofile --norc -e -o pipefail {0}
2026-09-05T19:15:08.8176507Z env:
2026-09-05T19:15:08.8176763Z   CARGO_TERM_COLOR: always
2026-09-05T19:15:08.8177077Z   CARGO_HOME: /home/runner/.cargo
2026-09-05T19:15:08.8177381Z ##[endgroup]
2026-09-05T19:15:08.8280601Z ##[end-action id=__dtolnay_rust-toolchain.__run_6;outcome=success;conclusion=success;duration_ms=16]
2026-09-05T19:15:08.8283745Z ##[start-action display=Enable colors in Cargo output;id=__dtolnay_rust-toolchain.__run_7]
2026-09-05T19:15:08.8307102Z ##[group]Run if [ -z "${CARGO_TERM_COLOR+set}" ]; then
2026-09-05T19:15:08.8307551Z [36;1mif [ -z "${CARGO_TERM_COLOR+set}" ]; then[0m
2026-09-05T19:15:08.8307960Z [36;1m  echo CARGO_TERM_COLOR=always >> $GITHUB_ENV[0m
2026-09-05T19:15:08.8308318Z [36;1mfi[0m
2026-09-05T19:15:08.8348709Z shell: /usr/bin/bash --noprofile --norc -e -o pipefail {0}
2026-09-05T19:15:08.8349153Z env:
2026-09-05T19:15:08.8349422Z   CARGO_TERM_COLOR: always
2026-09-05T19:15:08.8349750Z   CARGO_HOME: /home/runner/.cargo
2026-09-05T19:15:08.8350083Z   CARGO_INCREMENTAL: 0
2026-09-05T19:15:08.8350366Z ##[endgroup]
2026-09-05T19:15:08.8419981Z ##[end-action id=__dtolnay_rust-toolchain.__run_7;outcome=success;conclusion=success;duration_ms=13]
2026-09-05T19:15:08.8423107Z ##[start-action display=Enable Cargo sparse registry;id=__dtolnay_rust-toolchain.__run_8]
2026-09-05T19:15:08.8448289Z ##[group]Run # implemented in 1.66, stabilized in 1.68, made default in 1.70
2026-09-05T19:15:08.8448917Z [36;1m# implemented in 1.66, stabilized in 1.68, made default in 1.70[0m
2026-09-05T19:15:08.8449734Z [36;1mif [ -z "${CARGO_REGISTRIES_CRATES_IO_PROTOCOL+set}" -o -f "/home/runner/work/_temp"/.implicit_cargo_registries_crates_io_protocol ]; then[0m
2026-09-05T19:15:08.8450569Z [36;1m  if rustc +stable --version --verbose | grep -q '^release: 1\.6[89]\.'; then[0m
2026-09-05T19:15:08.8451226Z [36;1m    touch "/home/runner/work/_temp"/.implicit_cargo_registries_crates_io_protocol || true[0m
2026-09-05T19:15:08.8451850Z [36;1m    echo CARGO_REGISTRIES_CRATES_IO_PROTOCOL=sparse >> $GITHUB_ENV[0m
2026-09-05T19:15:08.8452440Z [36;1m  elif rustc +stable --version --verbose | grep -q '^release: 1\.6[67]\.'; then[0m
2026-09-05T19:15:08.8453089Z [36;1m    touch "/home/runner/work/_temp"/.implicit_cargo_registries_crates_io_protocol || true[0m
2026-09-05T19:15:08.8453854Z [36;1m    echo CARGO_REGISTRIES_CRATES_IO_PROTOCOL=git >> $GITHUB_ENV[0m
2026-09-05T19:15:08.8454737Z [36;1m  fi[0m
2026-09-05T19:15:08.8454988Z [36;1mfi[0m
2026-09-05T19:15:08.8492766Z shell: /usr/bin/bash --noprofile --norc -e -o pipefail {0}
2026-09-05T19:15:08.8493207Z env:
2026-09-05T19:15:08.8493475Z   CARGO_TERM_COLOR: always
2026-09-05T19:15:08.8493795Z   CARGO_HOME: /home/runner/.cargo
2026-09-05T19:15:08.8494370Z   CARGO_INCREMENTAL: 0
2026-09-05T19:15:08.8494665Z ##[endgroup]
2026-09-05T19:15:08.8825393Z ##[end-action id=__dtolnay_rust-toolchain.__run_8;outcome=success;conclusion=success;duration_ms=40]
2026-09-05T19:15:08.8828943Z ##[start-action display=Work around spurious network errors in curl 8.0;id=__dtolnay_rust-toolchain.__run_9]
2026-09-05T19:15:08.8853396Z ##[group]Run # https://rust-lang.zulipchat.com/#narrow/stream/246057-t-cargo/topic/timeout.20investigation
2026-09-05T19:15:08.8854567Z [36;1m# https://rust-lang.zulipchat.com/#narrow/stream/246057-t-cargo/topic/timeout.20investigation[0m
2026-09-05T19:15:08.8855330Z [36;1mif rustc +stable --version --verbose | grep -q '^release: 1\.7[01]\.'; then[0m
2026-09-05T19:15:08.8855945Z [36;1m  echo CARGO_HTTP_MULTIPLEXING=false >> $GITHUB_ENV[0m
2026-09-05T19:15:08.8856353Z [36;1mfi[0m
2026-09-05T19:15:08.8896651Z shell: /usr/bin/bash --noprofile --norc -e -o pipefail {0}
2026-09-05T19:15:08.8897130Z env:
2026-09-05T19:15:08.8897429Z   CARGO_TERM_COLOR: always
2026-09-05T19:15:08.8897772Z   CARGO_HOME: /home/runner/.cargo
2026-09-05T19:15:08.8898139Z   CARGO_INCREMENTAL: 0
2026-09-05T19:15:08.8898452Z ##[endgroup]
2026-09-05T19:15:08.9095542Z ##[end-action id=__dtolnay_rust-toolchain.__run_9;outcome=success;conclusion=success;duration_ms=26]
2026-09-05T19:15:08.9101023Z ##[start-action display=rustc +stable --version --verbose;id=__dtolnay_rust-toolchain.__run_10]
2026-09-05T19:15:08.9125547Z ##[group]Run rustc +stable --version --verbose
2026-09-05T19:15:08.9125997Z [36;1mrustc +stable --version --verbose[0m
2026-09-05T19:15:08.9165195Z shell: /usr/bin/bash --noprofile --norc -e -o pipefail {0}
2026-09-05T19:15:08.9165718Z env:
2026-09-05T19:15:08.9166027Z   CARGO_TERM_COLOR: always
2026-09-05T19:15:08.9166422Z   CARGO_HOME: /home/runner/.cargo
2026-09-05T19:15:08.9166820Z   CARGO_INCREMENTAL: 0
2026-09-05T19:15:08.9167155Z ##[endgroup]
2026-09-05T19:15:08.9342901Z rustc 1.98.1 (48a229cea 2026-09-01)
2026-09-05T19:15:08.9343889Z binary: rustc
2026-09-05T19:15:08.9344677Z commit-hash: 48a229ceaefd4985c50990b14116b6d856af0985
2026-09-05T19:15:08.9345278Z commit-date: 2026-09-01
2026-09-05T19:15:08.9345937Z host: x86_64-unknown-linux-gnu
2026-09-05T19:15:08.9346814Z release: 1.98.1
2026-09-05T19:15:08.9347604Z LLVM version: 22.1.8
2026-09-05T19:15:08.9362865Z ##[end-action id=__dtolnay_rust-toolchain.__run_10;outcome=success;conclusion=success;duration_ms=26]
2026-09-05T19:15:08.9496820Z ##[group]Run Swatinem/rust-cache@v2
2026-09-05T19:15:08.9497201Z with:
2026-09-05T19:15:08.9497455Z   prefix-key: v0-rust
2026-09-05T19:15:08.9497742Z   add-job-id-key: true
2026-09-05T19:15:08.9498036Z   add-rust-environment-hash-key: true
2026-09-05T19:15:08.9498388Z   cache-targets: true
2026-09-05T19:15:08.9498662Z   cache-all-crates: false
2026-09-05T19:15:08.9498953Z   cache-workspace-crates: false
2026-09-05T19:15:08.9499247Z   save-if: true
2026-09-05T19:15:08.9499502Z   cache-provider: github
2026-09-05T19:15:08.9499773Z   cache-bin: true
2026-09-05T19:15:08.9500030Z   lookup-only: false
2026-09-05T19:15:08.9500298Z   cmd-format: {0}
2026-09-05T19:15:08.9500550Z env:
2026-09-05T19:15:08.9500786Z   CARGO_TERM_COLOR: always
2026-09-05T19:15:08.9501086Z   CARGO_HOME: /home/runner/.cargo
2026-09-05T19:15:08.9501388Z   CARGO_INCREMENTAL: 0
2026-09-05T19:15:08.9501653Z ##[endgroup]
2026-09-05T19:15:09.2505205Z ##[group]Cache Configuration
2026-09-05T19:15:09.2506360Z Cache Provider:
2026-09-05T19:15:09.2507133Z     github
2026-09-05T19:15:09.2507735Z Workspaces:
2026-09-05T19:15:09.2508358Z     /home/runner/work/freebuff/freebuff
2026-09-05T19:15:09.2509114Z Cache Paths:
2026-09-05T19:15:09.2509791Z     /home/runner/.cargo/bin
2026-09-05T19:15:09.2510966Z     /home/runner/.cargo/.crates.toml
2026-09-05T19:15:09.2511739Z     /home/runner/.cargo/.crates2.json
2026-09-05T19:15:09.2512565Z     /home/runner/.cargo/registry
2026-09-05T19:15:09.2513308Z     /home/runner/.cargo/git
2026-09-05T19:15:09.2514309Z     /home/runner/work/freebuff/freebuff/target
2026-09-05T19:15:09.2515123Z Restore Key:
2026-09-05T19:15:09.2515730Z     v0-rust-rust-Linux-x64-6ff13d87
2026-09-05T19:15:09.2516412Z Cache Key:
2026-09-05T19:15:09.2517058Z     v0-rust-rust-Linux-x64-6ff13d87-6d0c1a1e
2026-09-05T19:15:09.2517802Z .. Prefix:
2026-09-05T19:15:09.2518422Z   - v0-rust-rust-Linux-x64
2026-09-05T19:15:09.2519131Z .. Environment considered:
2026-09-05T19:15:09.2519814Z   - Rust Versions:
2026-09-05T19:15:09.2520695Z     - 1.98.1 x86_64-unknown-linux-gnu 48a229ceaefd4985c50990b14116b6d856af0985
2026-09-05T19:15:09.2521659Z   - CARGO_HOME
2026-09-05T19:15:09.2522297Z   - CARGO_INCREMENTAL
2026-09-05T19:15:09.2522978Z   - CARGO_TERM_COLOR
2026-09-05T19:15:09.2523732Z .. Lockfiles considered:
2026-09-05T19:15:09.2524919Z   - /home/runner/work/freebuff/freebuff/Cargo.lock
2026-09-05T19:15:09.2525869Z   - /home/runner/work/freebuff/freebuff/crates/auth/Cargo.toml
2026-09-05T19:15:09.2527208Z   - /home/runner/work/freebuff/freebuff/crates/branch-service/Cargo.toml
2026-09-05T19:15:09.2528810Z   - /home/runner/work/freebuff/freebuff/crates/cdc-service/Cargo.toml
2026-09-05T19:15:09.2530338Z   - /home/runner/work/freebuff/freebuff/crates/cli/Cargo.toml
2026-09-05T19:15:09.2531759Z   - /home/runner/work/freebuff/freebuff/crates/control-plane/Cargo.toml
2026-09-05T19:15:09.2533324Z   - /home/runner/work/freebuff/freebuff/crates/gateway/Cargo.toml
2026-09-05T19:15:09.2534901Z   - /home/runner/work/freebuff/freebuff/crates/proxy/Cargo.toml
2026-09-05T19:15:09.2536183Z   - /home/runner/work/freebuff/freebuff/crates/shared/Cargo.toml
2026-09-05T19:15:09.2537449Z   - /home/runner/work/freebuff/freebuff/crates/storage-service/Cargo.toml
2026-09-05T19:15:09.2538898Z   - /home/runner/work/freebuff/freebuff/crates/wal-service/Cargo.toml
2026-09-05T19:15:09.2540345Z ##[endgroup]
2026-09-05T19:15:09.2540951Z 
2026-09-05T19:15:09.2541303Z ... Restoring cache ...
2026-09-05T19:15:09.4850007Z No cache found.
2026-09-05T19:15:09.4949435Z ##[group]Run cargo check --workspace
2026-09-05T19:15:09.4949788Z [36;1mcargo check --workspace[0m
2026-09-05T19:15:09.4987619Z shell: /usr/bin/bash -e {0}
2026-09-05T19:15:09.4987914Z env:
2026-09-05T19:15:09.4988154Z   CARGO_TERM_COLOR: always
2026-09-05T19:15:09.4988450Z   CARGO_HOME: /home/runner/.cargo
2026-09-05T19:15:09.4988752Z   CARGO_INCREMENTAL: 0
2026-09-05T19:15:09.4989013Z   CACHE_ON_FAILURE: false
2026-09-05T19:15:09.4989275Z ##[endgroup]
2026-09-05T19:15:09.5462927Z [1m[92m    Updating[0m crates.io index
2026-09-05T19:15:10.2513535Z [1m[92m     Locking[0m 32 packages to latest compatible versions
2026-09-05T19:15:10.2514929Z [1m[92m      Adding[0m adler2 v2.0.1
2026-09-05T19:15:10.2515855Z [1m[92m      Adding[0m colored v2.2.0 [1m[33m(available: v3.1.1)[0m
2026-09-05T19:15:10.2525404Z [1m[92m      Adding[0m console v0.15.11 [1m[33m(available: v0.16.4)[0m
2026-09-05T19:15:10.2526360Z [1m[92m      Adding[0m crc32fast v1.5.1
2026-09-05T19:15:10.2527353Z [1m[92m      Adding[0m dashmap v5.5.3 [1m[33m(available: v6.2.1)[0m
2026-09-05T19:15:10.2528485Z [1m[92m      Adding[0m dialoguer v0.11.0 [1m[33m(available: v0.12.0)[0m
2026-09-05T19:15:10.2529585Z [1m[92m      Adding[0m dirs v5.0.1 [1m[33m(available: v7.0.0)[0m
2026-09-05T19:15:10.2530455Z [1m[92m      Adding[0m dirs-sys v0.4.1
2026-09-05T19:15:10.2531262Z [1m[92m      Adding[0m encode_unicode v1.0.0
2026-09-05T19:15:10.2532008Z [1m[92m      Adding[0m flate2 v1.1.10
2026-09-05T19:15:10.2532710Z [1m[92m      Adding[0m hashbrown v0.14.5
2026-09-05T19:15:10.2533662Z [1m[92m      Adding[0m indicatif v0.17.11 [1m[33m(available: v0.18.6)[0m
2026-09-05T19:15:10.2535184Z [1m[92m      Adding[0m miniz_oxide v0.9.1
2026-09-05T19:15:10.2536354Z [1m[92m      Adding[0m number_prefix v0.4.0
2026-09-05T19:15:10.2536967Z [1m[92m      Adding[0m option-ext v0.2.0
2026-09-05T19:15:10.2537622Z [1m[92m      Adding[0m portable-atomic v1.15.0
2026-09-05T19:15:10.2538705Z [1m[92m      Adding[0m redox_users v0.4.6
2026-09-05T19:15:10.2539171Z [1m[92m      Adding[0m same-file v1.0.6
2026-09-05T19:15:10.2539647Z [1m[92m      Adding[0m serde_spanned v0.6.9
2026-09-05T19:15:10.2540228Z [1m[92m      Adding[0m shell-words v1.1.1
2026-09-05T19:15:10.2540745Z [1m[92m      Adding[0m simd-adler32 v0.3.10
2026-09-05T19:15:10.2545573Z [1m[92m      Adding[0m toml v0.8.23 [1m[33m(available: v1.1.5+spec-1.1.0)[0m
2026-09-05T19:15:10.2547838Z [1m[92m      Adding[0m toml_datetime v0.6.11
2026-09-05T19:15:10.2553620Z [1m[92m      Adding[0m toml_edit v0.22.27
2026-09-05T19:15:10.2556663Z [1m[92m      Adding[0m toml_write v0.1.2
2026-09-05T19:15:10.2557255Z [1m[92m      Adding[0m unicode-width v0.2.2
2026-09-05T19:15:10.2558091Z [1m[92m      Adding[0m walkdir v2.5.0
2026-09-05T19:15:10.2559421Z [1m[92m      Adding[0m web-time v1.1.0
2026-09-05T19:15:10.2560092Z [1m[92m      Adding[0m winapi-util v0.1.11
2026-09-05T19:15:10.2560916Z [1m[92m      Adding[0m windows-sys v0.59.0
2026-09-05T19:15:10.2566369Z [1m[92m      Adding[0m winnow v0.7.15
2026-09-05T19:15:10.2569549Z [1m[92m      Adding[0m zlib-rs v0.6.7
2026-09-05T19:15:10.2746510Z [1m[92m Downloading[0m crates ...
2026-09-05T19:15:10.3287117Z [1m[92m  Downloaded[0m num-conv v0.2.2
2026-09-05T19:15:10.3300785Z [1m[92m  Downloaded[0m powerfmt v0.2.0
2026-09-05T19:15:10.3315924Z [1m[92m  Downloaded[0m rand_chacha v0.3.1
2026-09-05T19:15:10.3328763Z [1m[92m  Downloaded[0m postgres-protocol v0.6.12
2026-09-05T19:15:10.3356351Z [1m[92m  Downloaded[0m pkcs8 v0.10.2
2026-09-05T19:15:10.3386415Z [1m[92m  Downloaded[0m shell-words v1.1.1
2026-09-05T19:15:10.3396389Z [1m[92m  Downloaded[0m smallvec v1.15.2
2026-09-05T19:15:10.3411648Z [1m[92m  Downloaded[0m sqlx-macros-core v0.8.6
2026-09-05T19:15:10.3435894Z [1m[92m  Downloaded[0m serde_core v1.0.229
2026-09-05T19:15:10.3464224Z [1m[92m  Downloaded[0m socket2 v0.6.5
2026-09-05T19:15:10.3482852Z [1m[92m  Downloaded[0m serde_json v1.0.151
2026-09-05T19:15:10.3560010Z [1m[92m  Downloaded[0m regex-syntax v0.8.11
2026-09-05T19:15:10.3635371Z [1m[92m  Downloaded[0m syn v3.0.3
2026-09-05T19:15:10.3740996Z [1m[92m  Downloaded[0m cpufeatures v0.3.0
2026-09-05T19:15:10.3757014Z [1m[92m  Downloaded[0m ctutils v0.4.2
2026-09-05T19:15:10.3777713Z [1m[92m  Downloaded[0m colorchoice v1.0.5
2026-09-05T19:15:10.3789326Z [1m[92m  Downloaded[0m der v0.7.10
2026-09-05T19:15:10.3847969Z [1m[92m  Downloaded[0m digest v0.10.7
2026-09-05T19:15:10.3869081Z [1m[92m  Downloaded[0m thiserror-impl v2.0.20
2026-09-05T19:15:10.3955488Z [1m[92m  Downloaded[0m headers-core v0.3.0
2026-09-05T19:15:10.3957318Z [1m[92m  Downloaded[0m const-oid v0.10.2
2026-09-05T19:15:10.3959123Z [1m[92m  Downloaded[0m futures-channel v0.3.34
2026-09-05T19:15:10.3960348Z [1m[92m  Downloaded[0m futures-intrusive v0.5.0
2026-09-05T19:15:10.3999999Z [1m[92m  Downloaded[0m crossbeam-utils v0.8.22
2026-09-05T19:15:10.4032935Z [1m[92m  Downloaded[0m futures-util v0.3.34
2026-09-05T19:15:10.4193336Z [1m[92m  Downloaded[0m console v0.15.11
2026-09-05T19:15:10.4236800Z [1m[92m  Downloaded[0m icu_normalizer v2.3.0
2026-09-05T19:15:10.4348601Z [1m[92m  Downloaded[0m indexmap v2.14.0
2026-09-05T19:15:10.4403270Z [1m[92m  Downloaded[0m colored v2.2.0
2026-09-05T19:15:10.4441222Z [1m[92m  Downloaded[0m const-oid v0.9.6
2026-09-05T19:15:10.4463589Z [1m[92m  Downloaded[0m crossbeam-queue v0.3.13
2026-09-05T19:15:10.4480147Z [1m[92m  Downloaded[0m crypto-common v0.1.7
2026-09-05T19:15:10.4491945Z [1m[92m  Downloaded[0m adler2 v2.0.1
2026-09-05T19:15:10.4507177Z [1m[92m  Downloaded[0m dialoguer v0.11.0
2026-09-05T19:15:10.4577383Z [1m[92m  Downloaded[0m data-encoding v2.11.1
2026-09-05T19:15:10.4588511Z [1m[92m  Downloaded[0m errno v0.3.14
2026-09-05T19:15:10.4605634Z [1m[92m  Downloaded[0m argon2 v0.5.3
2026-09-05T19:15:10.4622252Z [1m[92m  Downloaded[0m dirs-sys v0.4.1
2026-09-05T19:15:10.4638363Z [1m[92m  Downloaded[0m dotenvy v0.15.7
2026-09-05T19:15:10.4673916Z [1m[92m  Downloaded[0m either v1.18.0
2026-09-05T19:15:10.4689266Z [1m[92m  Downloaded[0m crypto-common v0.2.2
2026-09-05T19:15:10.4706299Z [1m[92m  Downloaded[0m combine v4.6.7
2026-09-05T19:15:10.4820150Z [1m[92m  Downloaded[0m matchers v0.2.0
2026-09-05T19:15:10.4834866Z [1m[92m  Downloaded[0m deranged v0.5.8
2026-09-05T19:15:10.4854242Z [1m[92m  Downloaded[0m fallible-iterator v0.2.0
2026-09-05T19:15:10.4867795Z [1m[92m  Downloaded[0m digest v0.11.3
2026-09-05T19:15:10.4894559Z [1m[92m  Downloaded[0m cpufeatures v0.2.17
2026-09-05T19:15:10.4919661Z [1m[92m  Downloaded[0m crc-catalog v2.5.0
2026-09-05T19:15:10.4936473Z [1m[92m  Downloaded[0m dirs v5.0.1
2026-09-05T19:15:10.4950966Z [1m[92m  Downloaded[0m equivalent v1.0.2
2026-09-05T19:15:10.4961142Z [1m[92m  Downloaded[0m hmac v0.13.0
2026-09-05T19:15:10.4982806Z [1m[92m  Downloaded[0m crc32fast v1.5.1
2026-09-05T19:15:10.5003584Z [1m[92m  Downloaded[0m deadpool-runtime v0.1.4
2026-09-05T19:15:10.5012591Z [1m[92m  Downloaded[0m event-listener v5.4.2
2026-09-05T19:15:10.5030363Z [1m[92m  Downloaded[0m http-body v1.1.0
2026-09-05T19:15:10.5041326Z [1m[92m  Downloaded[0m foreign-types v0.3.2
2026-09-05T19:15:10.5049147Z [1m[92m  Downloaded[0m hex v0.4.3
2026-09-05T19:15:10.5065821Z [1m[92m  Downloaded[0m futures-executor v0.3.34
2026-09-05T19:15:10.5080022Z [1m[92m  Downloaded[0m futures-io v0.3.34
2026-09-05T19:15:10.5088919Z [1m[92m  Downloaded[0m number_prefix v0.4.0
2026-09-05T19:15:10.5098360Z [1m[92m  Downloaded[0m rsa v0.9.10
2026-09-05T19:15:10.5155036Z [1m[92m  Downloaded[0m dashmap v5.5.3
2026-09-05T19:15:10.5179874Z [1m[92m  Downloaded[0m displaydoc v0.2.7
2026-09-05T19:15:10.5200558Z [1m[92m  Downloaded[0m fastrand v2.5.0
2026-09-05T19:15:10.5214426Z [1m[92m  Downloaded[0m hkdf v0.12.4
2026-09-05T19:15:10.5238279Z [1m[92m  Downloaded[0m num-bigint-dig v0.8.6
2026-09-05T19:15:10.5284926Z [1m[92m  Downloaded[0m option-ext v0.2.0
2026-09-05T19:15:10.5294629Z [1m[92m  Downloaded[0m futures-sink v0.3.34
2026-09-05T19:15:10.5304360Z [1m[92m  Downloaded[0m getrandom v0.2.17
2026-09-05T19:15:10.5334869Z [1m[92m  Downloaded[0m home v0.5.12
2026-09-05T19:15:10.5346078Z [1m[92m  Downloaded[0m hashbrown v0.14.5
2026-09-05T19:15:10.5394583Z [1m[92m  Downloaded[0m deadpool-postgres v0.14.1
2026-09-05T19:15:10.5408240Z [1m[92m  Downloaded[0m heck v0.5.0
2026-09-05T19:15:10.5421463Z [1m[92m  Downloaded[0m num-traits v0.2.19
2026-09-05T19:15:10.5448207Z [1m[92m  Downloaded[0m rand_core v0.10.1
2026-09-05T19:15:10.5464398Z [1m[92m  Downloaded[0m futures-task v0.3.34
2026-09-05T19:15:10.5476647Z [1m[92m  Downloaded[0m hmac v0.12.1
2026-09-05T19:15:10.5496399Z [1m[92m  Downloaded[0m http v1.5.0
2026-09-05T19:15:10.5535063Z [1m[92m  Downloaded[0m parking_lot v0.12.5
2026-09-05T19:15:10.5560541Z [1m[92m  Downloaded[0m pkg-config v0.3.34
2026-09-05T19:15:10.5576014Z [1m[92m  Downloaded[0m crc v3.4.0
2026-09-05T19:15:10.5592851Z [1m[92m  Downloaded[0m flume v0.11.1
2026-09-05T19:15:10.5629548Z [1m[92m  Downloaded[0m openssl-probe v0.2.1
2026-09-05T19:15:10.5641880Z [1m[92m  Downloaded[0m proc-macro2 v1.0.107
2026-09-05T19:15:10.5672645Z [1m[92m  Downloaded[0m ryu v1.0.23
2026-09-05T19:15:10.5706802Z [1m[92m  Downloaded[0m fnv v1.0.7
2026-09-05T19:15:10.5715852Z [1m[92m  Downloaded[0m futures-macro v0.3.34
2026-09-05T19:15:10.5726778Z [1m[92m  Downloaded[0m ipnet v2.12.1
2026-09-05T19:15:10.5743696Z [1m[92m  Downloaded[0m generic-array v0.14.7
2026-09-05T19:15:10.5758520Z [1m[92m  Downloaded[0m phf v0.13.1
2026-09-05T19:15:10.5771124Z [1m[92m  Downloaded[0m portable-atomic v1.15.0
2026-09-05T19:15:10.5847424Z [1m[92m  Downloaded[0m quote v1.0.47
2026-09-05T19:15:10.5880461Z [1m[92m  Downloaded[0m tokio-retry v0.3.2
2026-09-05T19:15:10.5891697Z [1m[92m  Downloaded[0m pkcs1 v0.7.5
2026-09-05T19:15:10.5917768Z [1m[92m  Downloaded[0m lazy_static v1.5.0
2026-09-05T19:15:10.5936922Z [1m[92m  Downloaded[0m pem v3.0.6
2026-09-05T19:15:10.5951211Z [1m[92m  Downloaded[0m sha1 v0.10.7
2026-09-05T19:15:10.5968503Z [1m[92m  Downloaded[0m writeable v0.6.4
2026-09-05T19:15:10.5990559Z [1m[92m  Downloaded[0m zerovec-derive v0.11.6
2026-09-05T19:15:10.6009789Z [1m[92m  Downloaded[0m foldhash v0.1.5
2026-09-05T19:15:10.6023556Z [1m[92m  Downloaded[0m form_urlencoded v1.2.2
2026-09-05T19:15:10.6032134Z [1m[92m  Downloaded[0m futures-core v0.3.34
2026-09-05T19:15:10.6047388Z [1m[92m  Downloaded[0m httpdate v1.0.3
2026-09-05T19:15:10.6059979Z [1m[92m  Downloaded[0m openssl-macros v0.1.1
2026-09-05T19:15:10.6068909Z [1m[92m  Downloaded[0m parking v2.2.1
2026-09-05T19:15:10.6080355Z [1m[92m  Downloaded[0m pin-project-lite v0.2.17
2026-09-05T19:15:10.6148564Z [1m[92m  Downloaded[0m stable_deref_trait v1.2.1
2026-09-05T19:15:10.6152208Z [1m[92m  Downloaded[0m unicode-ident v1.0.24
2026-09-05T19:15:10.6181702Z [1m[92m  Downloaded[0m async-trait v0.1.92
2026-09-05T19:15:10.6221336Z [1m[92m  Downloaded[0m find-msvc-tools v0.1.11
2026-09-05T19:15:10.6239061Z [1m[92m  Downloaded[0m headers v0.4.1
2026-09-05T19:15:10.6301372Z [1m[92m  Downloaded[0m icu_normalizer_data v2.3.0
2026-09-05T19:15:10.6323532Z [1m[92m  Downloaded[0m phf_shared v0.13.1
2026-09-05T19:15:10.6334828Z [1m[92m  Downloaded[0m spki v0.7.3
2026-09-05T19:15:10.6354975Z [1m[92m  Downloaded[0m synstructure v0.13.2
2026-09-05T19:15:10.6366340Z [1m[92m  Downloaded[0m cfg-if v1.0.4
2026-09-05T19:15:10.6379882Z [1m[92m  Downloaded[0m getrandom v0.4.3
2026-09-05T19:15:10.6419339Z [1m[92m  Downloaded[0m thread_local v1.1.10
2026-09-05T19:15:10.6433249Z [1m[92m  Downloaded[0m idna_adapter v1.2.2
2026-09-05T19:15:10.6442962Z [1m[92m  Downloaded[0m rand v0.10.2
2026-09-05T19:15:10.6481662Z [1m[92m  Downloaded[0m rustls-pki-types v1.15.1
2026-09-05T19:15:10.6507960Z [1m[92m  Downloaded[0m signature v2.2.0
2026-09-05T19:15:10.6522878Z [1m[92m  Downloaded[0m simple_asn1 v0.6.4
2026-09-05T19:15:10.6536038Z [1m[92m  Downloaded[0m hyper-tls v0.6.0
2026-09-05T19:15:10.6550117Z [1m[92m  Downloaded[0m icu_locale_core v2.3.0
2026-09-05T19:15:10.6622253Z [1m[92m  Downloaded[0m serde_path_to_error v0.1.20
2026-09-05T19:15:10.6638791Z [1m[92m  Downloaded[0m tempfile v3.27.0
2026-09-05T19:15:10.6664672Z [1m[92m  Downloaded[0m socket2 v0.5.10
2026-09-05T19:15:10.6682652Z [1m[92m  Downloaded[0m flate2 v1.1.10
2026-09-05T19:15:10.6732973Z [1m[92m  Downloaded[0m hyper-util v0.1.20
2026-09-05T19:15:10.6796874Z [1m[92m  Downloaded[0m itoa v1.0.18
2026-09-05T19:15:10.6811512Z [1m[92m  Downloaded[0m sha1_smol v1.0.1
2026-09-05T19:15:10.6824733Z [1m[92m  Downloaded[0m rustversion v1.0.23
2026-09-05T19:15:10.6853310Z [1m[92m  Downloaded[0m byteorder v1.5.0
2026-09-05T19:15:10.6869534Z [1m[92m  Downloaded[0m is_terminal_polyfill v1.70.2
2026-09-05T19:15:10.6879524Z [1m[92m  Downloaded[0m multer v3.1.0
2026-09-05T19:15:10.6903963Z [1m[92m  Downloaded[0m pin-project v1.1.13
2026-09-05T19:15:10.7042534Z [1m[92m  Downloaded[0m serde v1.0.229
2026-09-05T19:15:10.7077650Z [1m[92m  Downloaded[0m utf8_iter v1.0.4
2026-09-05T19:15:10.7088203Z [1m[92m  Downloaded[0m http-body-util v0.1.5
2026-09-05T19:15:10.7108232Z [1m[92m  Downloaded[0m httparse v1.10.1
2026-09-05T19:15:10.7133401Z [1m[92m  Downloaded[0m num-iter v0.1.46
2026-09-05T19:15:10.7143459Z [1m[92m  Downloaded[0m pem-rfc7468 v0.7.0
2026-09-05T19:15:10.7163574Z [1m[92m  Downloaded[0m tokio-tungstenite v0.24.0
2026-09-05T19:15:10.7183728Z [1m[92m  Downloaded[0m walkdir v2.5.0
2026-09-05T19:15:10.7202351Z [1m[92m  Downloaded[0m clap v4.6.6
2026-09-05T19:15:10.7302325Z [1m[92m  Downloaded[0m indicatif v0.17.11
2026-09-05T19:15:10.7340188Z [1m[92m  Downloaded[0m mime v0.3.17
2026-09-05T19:15:10.7353371Z [1m[92m  Downloaded[0m rand_core v0.6.4
2026-09-05T19:15:10.7367005Z [1m[92m  Downloaded[0m reqwest v0.12.28
2026-09-05T19:15:10.7420342Z [1m[92m  Downloaded[0m scopeguard v1.2.0
2026-09-05T19:15:10.7432543Z [1m[92m  Downloaded[0m sha2 v0.11.0
2026-09-05T19:15:10.7470851Z [1m[92m  Downloaded[0m sharded-slab v0.1.7
2026-09-05T19:15:10.7504425Z [1m[92m  Downloaded[0m sqlx-postgres v0.8.6
2026-09-05T19:15:10.7594813Z [1m[92m  Downloaded[0m sqlx-sqlite v0.8.6
2026-09-05T19:15:10.7641129Z [1m[92m  Downloaded[0m tower-http v0.5.2
2026-09-05T19:15:10.7722948Z [1m[92m  Downloaded[0m tracing-attributes v0.1.31
2026-09-05T19:15:10.7749724Z [1m[92m  Downloaded[0m anstyle-parse v1.0.0
2026-09-05T19:15:10.7766721Z [1m[92m  Downloaded[0m axum-macros v0.4.2
2026-09-05T19:15:10.7880908Z [1m[92m  Downloaded[0m base64 v0.22.1
2026-09-05T19:15:10.7919618Z [1m[92m  Downloaded[0m chacha20 v0.10.1
2026-09-05T19:15:10.7943617Z [1m[92m  Downloaded[0m foreign-types-shared v0.1.1
2026-09-05T19:15:10.7950632Z [1m[92m  Downloaded[0m futures v0.3.34
2026-09-05T19:15:10.8001665Z [1m[92m  Downloaded[0m h2 v0.4.18
2026-09-05T19:15:10.8066837Z [1m[92m  Downloaded[0m hashbrown v0.15.5
2026-09-05T19:15:10.8115664Z [1m[92m  Downloaded[0m hybrid-array v0.4.14
2026-09-05T19:15:10.8137830Z [1m[92m  Downloaded[0m hyper-rustls v0.27.9
2026-09-05T19:15:10.8152005Z [1m[92m  Downloaded[0m icu_collections v2.3.0
2026-09-05T19:15:10.8215727Z [1m[92m  Downloaded[0m icu_provider v2.3.1
2026-09-05T19:15:10.8242107Z [1m[92m  Downloaded[0m idna v1.1.0
2026-09-05T19:15:10.8276991Z [1m[92m  Downloaded[0m indexmap v1.9.3
2026-09-05T19:15:10.8310142Z [1m[92m  Downloaded[0m potential_utf v0.1.6
2026-09-05T19:15:10.8321409Z [1m[92m  Downloaded[0m shlex v2.0.1
2026-09-05T19:15:10.8334572Z [1m[92m  Downloaded[0m thiserror-impl v1.0.69
2026-09-05T19:15:10.8348210Z [1m[92m  Downloaded[0m tokio-native-tls v0.3.1
2026-09-05T19:15:10.8366196Z [1m[92m  Downloaded[0m toml_write v0.1.2
2026-09-05T19:15:10.8379256Z [1m[92m  Downloaded[0m parking_lot_core v0.9.12
2026-09-05T19:15:10.8400613Z [1m[92m  Downloaded[0m icu_properties v2.3.0
2026-09-05T19:15:10.8432513Z [1m[92m  Downloaded[0m openssl v0.10.81
2026-09-05T19:15:10.8531834Z [1m[92m  Downloaded[0m postgres-types v0.2.14
2026-09-05T19:15:10.8558506Z [1m[92m  Downloaded[0m serde_spanned v0.6.9
2026-09-05T19:15:10.8569164Z [1m[92m  Downloaded[0m slab v0.4.12
2026-09-05T19:15:10.8582231Z [1m[92m  Downloaded[0m strsim v0.11.1
2026-09-05T19:15:10.8595474Z [1m[92m  Downloaded[0m tinystr v0.8.4
2026-09-05T19:15:10.8616282Z [1m[92m  Downloaded[0m tokio-util v0.7.19
2026-09-05T19:15:10.8699421Z [1m[92m  Downloaded[0m toml v0.8.23
2026-09-05T19:15:10.8723273Z [1m[92m  Downloaded[0m tracing-serde v0.2.0
2026-09-05T19:15:10.8732439Z [1m[92m  Downloaded[0m typenum v1.20.1
2026-09-05T19:15:10.8767339Z [1m[92m  Downloaded[0m url v2.5.8
2026-09-05T19:15:10.8792938Z [1m[92m  Downloaded[0m utf8parse v0.2.2
2026-09-05T19:15:10.8802815Z [1m[92m  Downloaded[0m vcpkg v0.2.15
2026-09-05T19:15:10.9360708Z [1m[92m  Downloaded[0m version_check v0.9.5
2026-09-05T19:15:10.9373520Z [1m[92m  Downloaded[0m zerotrie v0.2.5
2026-09-05T19:15:10.9414150Z [1m[92m  Downloaded[0m blake2 v0.10.6
2026-09-05T19:15:10.9440757Z [1m[92m  Downloaded[0m bytes v1.12.1
2026-09-05T19:15:10.9476945Z [1m[92m  Downloaded[0m cc v1.4.4
2026-09-05T19:15:10.9507875Z [1m[92m  Downloaded[0m clap_lex v1.1.0
2026-09-05T19:15:10.9518694Z [1m[92m  Downloaded[0m hashbrown v0.12.3
2026-09-05T19:15:10.9556695Z [1m[92m  Downloaded[0m hashbrown v0.17.1
2026-09-05T19:15:10.9609662Z [1m[92m  Downloaded[0m icu_properties_data v2.3.0
2026-09-05T19:15:10.9721502Z [1m[92m  Downloaded[0m native-tls v0.2.18
2026-09-05T19:15:10.9736017Z [1m[92m  Downloaded[0m once_cell v1.21.4
2026-09-05T19:15:10.9761864Z [1m[92m  Downloaded[0m password-hash v0.5.0
2026-09-05T19:15:10.9779919Z [1m[92m  Downloaded[0m redis v0.25.5
2026-09-05T19:15:10.9853587Z [1m[92m  Downloaded[0m rustls v0.23.43
2026-09-05T19:15:10.9974081Z [1m[92m  Downloaded[0m sha2 v0.10.9
2026-09-05T19:15:11.0000210Z [1m[92m  Downloaded[0m sqlx v0.8.6
2026-09-05T19:15:11.0146900Z [1m[92m  Downloaded[0m sqlx-core v0.8.6
2026-09-05T19:15:11.0228441Z [1m[92m  Downloaded[0m sqlx-mysql v0.8.6
2026-09-05T19:15:11.0291303Z [1m[92m  Downloaded[0m syn v2.0.119
2026-09-05T19:15:11.0397853Z [1m[92m  Downloaded[0m toml_edit v0.22.27
2026-09-05T19:15:11.0442155Z [1m[92m  Downloaded[0m tower-http v0.6.11
2026-09-05T19:15:11.0538190Z [1m[92m  Downloaded[0m tower-layer v0.3.3
2026-09-05T19:15:11.0548458Z [1m[92m  Downloaded[0m tower-service v0.3.3
2026-09-05T19:15:11.0556563Z [1m[92m  Downloaded[0m unicode-width v0.2.2
2026-09-05T19:15:11.0611730Z [1m[92m  Downloaded[0m webpki-roots v1.0.9
2026-09-05T19:15:11.0642247Z [1m[92m  Downloaded[0m zerocopy v0.8.56
2026-09-05T19:15:11.0864289Z [1m[92m  Downloaded[0m zerofrom v0.1.8
2026-09-05T19:15:11.0874073Z [1m[92m  Downloaded[0m anstyle-query v1.1.5
2026-09-05T19:15:11.0885980Z [1m[92m  Downloaded[0m base64ct v1.8.3
2026-09-05T19:15:11.0911994Z [1m[92m  Downloaded[0m clap_builder v4.6.6
2026-09-05T19:15:11.0976476Z [1m[92m  Downloaded[0m hdrhistogram v7.6.0
2026-09-05T19:15:11.1049343Z [1m[92m  Downloaded[0m hyper v1.11.0
2026-09-05T19:15:11.1119752Z [1m[92m  Downloaded[0m lock_api v0.4.14
2026-09-05T19:15:11.1132417Z [1m[92m  Downloaded[0m serde_derive v1.0.229
2026-09-05T19:15:11.1164974Z [1m[92m  Downloaded[0m stringprep v0.1.5
2026-09-05T19:15:11.1181502Z [1m[92m  Downloaded[0m subtle v2.6.1
2026-09-05T19:15:11.1194694Z [1m[92m  Downloaded[0m libc v0.2.189
2026-09-05T19:15:11.1646896Z [1m[92m  Downloaded[0m num-integer v0.1.47
2026-09-05T19:15:11.1662997Z [1m[92m  Downloaded[0m deadpool v0.12.3
2026-09-05T19:15:11.1694336Z [1m[92m  Downloaded[0m siphasher v1.0.3
2026-09-05T19:15:11.1708911Z [1m[92m  Downloaded[0m anyhow v1.0.104
2026-09-05T19:15:11.1750448Z [1m[92m  Downloaded[0m percent-encoding v2.3.2
2026-09-05T19:15:11.1760282Z [1m[92m  Downloaded[0m tower v0.5.3
2026-09-05T19:15:11.1869150Z [1m[92m  Downloaded[0m zerovec v0.11.8
2026-09-05T19:15:11.1935137Z [1m[92m  Downloaded[0m log v0.4.34
2026-09-05T19:15:11.1960637Z [1m[92m  Downloaded[0m whoami v2.1.3
2026-09-05T19:15:11.1983237Z [1m[92m  Downloaded[0m libm v0.2.16
2026-09-05T19:15:11.2098092Z [1m[92m  Downloaded[0m mio v1.2.2
2026-09-05T19:15:11.2161230Z [1m[92m  Downloaded[0m sync_wrapper v1.0.2
2026-09-05T19:15:11.2170088Z [1m[92m  Downloaded[0m whoami v1.6.1
2026-09-05T19:15:11.2190716Z [1m[92m  Downloaded[0m openssl-sys v0.9.117
2026-09-05T19:15:11.2248552Z [1m[92m  Downloaded[0m rand v0.8.7
2026-09-05T19:15:11.2282548Z [1m[92m  Downloaded[0m autocfg v1.5.1
2026-09-05T19:15:11.2302663Z [1m[92m  Downloaded[0m block-buffer v0.12.1
2026-09-05T19:15:11.2316320Z [1m[92m  Downloaded[0m matchit v0.7.3
2026-09-05T19:15:11.2337308Z [1m[92m  Downloaded[0m md-5 v0.10.6
2026-09-05T19:15:11.2354129Z [1m[92m  Downloaded[0m thiserror v1.0.69
2026-09-05T19:15:11.2414966Z [1m[92m  Downloaded[0m utf-8 v0.7.6
2026-09-05T19:15:11.2428898Z [1m[92m  Downloaded[0m clap_derive v4.6.4
2026-09-05T19:15:11.2451978Z [1m[92m  Downloaded[0m jsonwebtoken v9.3.1
2026-09-05T19:15:11.2496471Z [1m[92m  Downloaded[0m serde_urlencoded v0.7.1
2026-09-05T19:15:11.2513631Z [1m[92m  Downloaded[0m num_cpus v1.17.0
2026-09-05T19:15:11.2546847Z [1m[92m  Downloaded[0m pin-project-internal v1.1.13
2026-09-05T19:15:11.2562293Z [1m[92m  Downloaded[0m simd-adler32 v0.3.10
2026-09-05T19:15:11.2581149Z [1m[92m  Downloaded[0m tokio-rustls v0.26.4
2026-09-05T19:15:11.2602132Z [1m[92m  Downloaded[0m tungstenite v0.24.0
2026-09-05T19:15:11.2635483Z [1m[92m  Downloaded[0m arc-swap v1.9.2
2026-09-05T19:15:11.2675469Z [1m[92m  Downloaded[0m encoding_rs v0.8.35
2026-09-05T19:15:11.2873883Z [1m[92m  Downloaded[0m rustls-webpki v0.103.15
2026-09-05T19:15:11.2904003Z [1m[92m  Downloaded[0m signal-hook-registry v1.4.8
2026-09-05T19:15:11.2916197Z [1m[92m  Downloaded[0m spin v0.9.9
2026-09-05T19:15:11.2939605Z [1m[92m  Downloaded[0m sqlx-macros v0.8.6
2026-09-05T19:15:11.2948080Z [1m[92m  Downloaded[0m time v0.3.55
2026-09-05T19:15:11.3096337Z [1m[92m  Downloaded[0m rustix v1.1.4
2026-09-05T19:15:11.3375260Z [1m[92m  Downloaded[0m ppv-lite86 v0.2.21
2026-09-05T19:15:11.3388882Z [1m[92m  Downloaded[0m regex-automata v0.4.18
2026-09-05T19:15:11.3531443Z [1m[92m  Downloaded[0m time-core v0.1.9
2026-09-05T19:15:11.3542298Z [1m[92m  Downloaded[0m iana-time-zone v0.1.65
2026-09-05T19:15:11.3572050Z [1m[92m  Downloaded[0m tracing-log v0.2.0
2026-09-05T19:15:11.3585512Z [1m[92m  Downloaded[0m unicode-bidi v0.3.18
2026-09-05T19:15:11.3610219Z [1m[92m  Downloaded[0m ring v0.17.14
2026-09-05T19:15:11.4038689Z [1m[92m  Downloaded[0m time-macros v0.2.32
2026-09-05T19:15:11.4063442Z [1m[92m  Downloaded[0m tinyvec_macros v0.1.1
2026-09-05T19:15:11.4072107Z [1m[92m  Downloaded[0m try-lock v0.2.5
2026-09-05T19:15:11.4081120Z [1m[92m  Downloaded[0m want v0.3.1
2026-09-05T19:15:11.4090413Z [1m[92m  Downloaded[0m zmij v1.0.23
2026-09-05T19:15:11.4108283Z [1m[92m  Downloaded[0m chrono v0.4.45
2026-09-05T19:15:11.4174826Z [1m[92m  Downloaded[0m tokio-macros v2.7.2
2026-09-05T19:15:11.4185469Z [1m[92m  Downloaded[0m tokio-postgres v0.7.18
2026-09-05T19:15:11.4238518Z [1m[92m  Downloaded[0m untrusted v0.9.0
2026-09-05T19:15:11.4255517Z [1m[92m  Downloaded[0m uuid v1.25.0
2026-09-05T19:15:11.4285200Z [1m[92m  Downloaded[0m atomic-waker v1.1.2
2026-09-05T19:15:11.4297576Z [1m[92m  Downloaded[0m tinyvec v1.12.0
2026-09-05T19:15:11.4325217Z [1m[92m  Downloaded[0m anstream v1.0.0
2026-09-05T19:15:11.4345129Z [1m[92m  Downloaded[0m md-5 v0.11.0
2026-09-05T19:15:11.4361906Z [1m[92m  Downloaded[0m zerofrom-derive v0.1.7
2026-09-05T19:15:11.4372429Z [1m[92m  Downloaded[0m axum-core v0.4.5
2026-09-05T19:15:11.4392869Z [1m[92m  Downloaded[0m bb8 v0.8.6
2026-09-05T19:15:11.4404452Z [1m[92m  Downloaded[0m tower v0.4.13
2026-09-05T19:15:11.4509481Z [1m[92m  Downloaded[0m tokio-stream v0.1.19
2026-09-05T19:15:11.4562536Z [1m[92m  Downloaded[0m memchr v2.8.3
2026-09-05T19:15:11.4619205Z [1m[92m  Downloaded[0m toml_datetime v0.6.11
2026-09-05T19:15:11.4630233Z [1m[92m  Downloaded[0m anstyle v1.0.14
2026-09-05T19:15:11.4644471Z [1m[92m  Downloaded[0m aho-corasick v1.1.5
2026-09-05T19:15:11.4697042Z [1m[92m  Downloaded[0m axum v0.7.9
2026-09-05T19:15:11.4774123Z [1m[92m  Downloaded[0m linux-raw-sys v0.12.1
2026-09-05T19:15:11.5399173Z [1m[92m  Downloaded[0m tracing-subscriber v0.3.23
2026-09-05T19:15:11.5483421Z [1m[92m  Downloaded[0m tokio v1.53.1
2026-09-05T19:15:11.5948289Z [1m[92m  Downloaded[0m atoi v2.0.0
2026-09-05T19:15:11.5961680Z [1m[92m  Downloaded[0m zlib-rs v0.6.7
2026-09-05T19:15:11.6016826Z [1m[92m  Downloaded[0m miniz_oxide v0.9.1
2026-09-05T19:15:11.6041693Z [1m[92m  Downloaded[0m tracing-core v0.1.36
2026-09-05T19:15:11.6068719Z [1m[92m  Downloaded[0m yoke-derive v0.8.2
2026-09-05T19:15:11.6080250Z [1m[92m  Downloaded[0m block-buffer v0.10.4
2026-09-05T19:15:11.6090890Z [1m[92m  Downloaded[0m unicode-properties v0.1.4
2026-09-05T19:15:11.6109900Z [1m[92m  Downloaded[0m winnow v0.7.15
2026-09-05T19:15:11.6207873Z [1m[92m  Downloaded[0m allocator-api2 v0.2.21
2026-09-05T19:15:11.6233249Z [1m[92m  Downloaded[0m cmov v0.5.4
2026-09-05T19:15:11.6251449Z [1m[92m  Downloaded[0m unicode-normalization v0.1.25
2026-09-05T19:15:11.6286878Z [1m[92m  Downloaded[0m webpki-roots v0.26.11
2026-09-05T19:15:11.6299388Z [1m[92m  Downloaded[0m tracing v0.1.44
2026-09-05T19:15:11.6466847Z [1m[92m  Downloaded[0m litemap v0.8.3
2026-09-05T19:15:11.6489867Z [1m[92m  Downloaded[0m num-bigint v0.4.8
2026-09-05T19:15:11.6539012Z [1m[92m  Downloaded[0m zeroize v1.9.0
2026-09-05T19:15:11.6554366Z [1m[92m  Downloaded[0m axum-extra v0.9.6
2026-09-05T19:15:11.6588897Z [1m[92m  Downloaded[0m yoke v0.8.3
2026-09-05T19:15:11.6607166Z [1m[92m  Downloaded[0m same-file v1.0.6
2026-09-05T19:15:11.6632306Z [1m[92m  Downloaded[0m libsqlite3-sys v0.30.1
2026-09-05T19:15:11.7210687Z [1m[92m  Downloaded[0m thiserror v2.0.20
2026-09-05T19:15:11.7277057Z [1m[92m  Downloaded[0m hashlink v0.10.0
2026-09-05T19:15:11.7295228Z [1m[92m  Downloaded[0m bitflags v2.13.1
2026-09-05T19:15:11.7341811Z [1m[92m  Downloaded[0m nu-ansi-term v0.50.3
2026-09-05T19:15:11.8427182Z [1m[92m   Compiling[0m proc-macro2 v1.0.107
2026-09-05T19:15:11.8428133Z [1m[92m   Compiling[0m quote v1.0.47
2026-09-05T19:15:11.8429103Z [1m[92m   Compiling[0m unicode-ident v1.0.24
2026-09-05T19:15:11.8430013Z [1m[92m   Compiling[0m libc v0.2.189
2026-09-05T19:15:11.9096105Z [1m[92m   Compiling[0m serde_core v1.0.229
2026-09-05T19:15:12.0237524Z [1m[92m    Checking[0m cfg-if v1.0.4
2026-09-05T19:15:12.0571148Z [1m[92m   Compiling[0m serde v1.0.229
2026-09-05T19:15:12.2475755Z [1m[92m   Compiling[0m parking_lot_core v0.9.12
2026-09-05T19:15:12.3865445Z [1m[92m    Checking[0m bytes v1.12.1
2026-09-05T19:15:12.8355495Z [1m[92m    Checking[0m pin-project-lite v0.2.17
2026-09-05T19:15:12.8709905Z [1m[92m   Compiling[0m syn v3.0.3
2026-09-05T19:15:12.9216646Z [1m[92m   Compiling[0m syn v2.0.119
2026-09-05T19:15:13.0985536Z [1m[92m   Compiling[0m version_check v0.9.5
2026-09-05T19:15:13.3193796Z [1m[92m   Compiling[0m generic-array v0.14.7
2026-09-05T19:15:13.4166500Z [1m[92m   Compiling[0m find-msvc-tools v0.1.11
2026-09-05T19:15:13.5995923Z [1m[92m   Compiling[0m shlex v2.0.1
2026-09-05T19:15:13.7166992Z [1m[92m    Checking[0m futures-core v0.3.34
2026-09-05T19:15:13.7795608Z [1m[92m   Compiling[0m cc v1.4.4
2026-09-05T19:15:14.1725607Z [1m[92m    Checking[0m scopeguard v1.2.0
2026-09-05T19:15:14.2085559Z [1m[92m    Checking[0m lock_api v0.4.14
2026-09-05T19:15:14.3715665Z [1m[92m    Checking[0m typenum v1.20.1
2026-09-05T19:15:15.2375717Z [1m[92m   Compiling[0m autocfg v1.5.1
2026-09-05T19:15:15.2595504Z [1m[92m    Checking[0m errno v0.3.14
2026-09-05T19:15:15.3185655Z [1m[92m    Checking[0m memchr v2.8.3
2026-09-05T19:15:15.5516756Z [1m[92m    Checking[0m once_cell v1.21.4
2026-09-05T19:15:15.6640511Z [1m[92m    Checking[0m itoa v1.0.18
2026-09-05T19:15:15.7003031Z [1m[92m    Checking[0m signal-hook-registry v1.4.8
2026-09-05T19:15:15.7556213Z [1m[92m    Checking[0m mio v1.2.2
2026-09-05T19:15:15.8125667Z [1m[92m    Checking[0m socket2 v0.6.5
2026-09-05T19:15:16.0365675Z [1m[92m    Checking[0m futures-sink v0.3.34
2026-09-05T19:15:16.0423761Z [1m[92m    Checking[0m log v0.4.34
2026-09-05T19:15:16.0818156Z [1m[92m    Checking[0m slab v0.4.12
2026-09-05T19:15:16.1498764Z [1m[92m    Checking[0m futures-channel v0.3.34
2026-09-05T19:15:16.1785671Z [1m[92m    Checking[0m futures-task v0.3.34
2026-09-05T19:15:16.2655622Z [1m[92m   Compiling[0m icu_properties_data v2.3.0
2026-09-05T19:15:16.2936138Z [1m[92m   Compiling[0m icu_normalizer_data v2.3.0
2026-09-05T19:15:16.3676211Z [1m[92m    Checking[0m futures-io v0.3.34
2026-09-05T19:15:16.4095843Z [1m[92m    Checking[0m tracing-core v0.1.36
2026-09-05T19:15:16.6715559Z [1m[92m   Compiling[0m synstructure v0.13.2
2026-09-05T19:15:17.2045666Z [1m[92m    Checking[0m stable_deref_trait v1.2.1
2026-09-05T19:15:17.2675508Z [1m[92m    Checking[0m http v1.5.0
2026-09-05T19:15:17.8193982Z [1m[92m   Compiling[0m serde_derive v1.0.229
2026-09-05T19:15:17.8430096Z [1m[92m   Compiling[0m zerovec-derive v0.11.6
2026-09-05T19:15:17.8945603Z [1m[92m   Compiling[0m displaydoc v0.2.7
2026-09-05T19:15:18.2910068Z [1m[92m   Compiling[0m zerofrom-derive v0.1.7
2026-09-05T19:15:18.4526148Z [1m[92m   Compiling[0m yoke-derive v0.8.2
2026-09-05T19:15:18.8985698Z [1m[92m   Compiling[0m tokio-macros v2.7.2
2026-09-05T19:15:19.3885650Z [1m[92m   Compiling[0m tracing-attributes v0.1.31
2026-09-05T19:15:19.4561740Z [1m[92m   Compiling[0m futures-macro v0.3.34
2026-09-05T19:15:19.4607976Z [1m[92m    Checking[0m zerofrom v0.1.8
2026-09-05T19:15:19.5295377Z [1m[92m    Checking[0m yoke v0.8.3
2026-09-05T19:15:19.8945618Z [1m[92m   Compiling[0m zerocopy v0.8.56
2026-09-05T19:15:20.1203293Z [1m[92m    Checking[0m futures-util v0.3.34
2026-09-05T19:15:20.1565489Z [1m[92m   Compiling[0m zmij v1.0.23
2026-09-05T19:15:20.2985560Z [1m[92m    Checking[0m subtle v2.6.1
2026-09-05T19:15:20.4215262Z [1m[92m    Checking[0m zerovec v0.11.8
2026-09-05T19:15:20.5295667Z [1m[92m    Checking[0m tracing v0.1.44
2026-09-05T19:15:20.6815582Z [1m[92m   Compiling[0m num-traits v0.2.19
2026-09-05T19:15:21.3255916Z [1m[92m    Checking[0m smallvec v1.15.2
2026-09-05T19:15:21.5785518Z [1m[92m    Checking[0m crypto-common v0.1.7
2026-09-05T19:15:21.6155619Z [1m[92m    Checking[0m parking_lot v0.12.5
2026-09-05T19:15:21.6365449Z [1m[92m    Checking[0m block-buffer v0.10.4
2026-09-05T19:15:21.7002724Z [1m[92m    Checking[0m getrandom v0.2.17
2026-09-05T19:15:21.7635990Z [1m[92m    Checking[0m tokio v1.53.1
2026-09-05T19:15:21.7975605Z [1m[92m    Checking[0m rand_core v0.10.1
2026-09-05T19:15:21.8765412Z [1m[92m    Checking[0m base64 v0.22.1
2026-09-05T19:15:22.0696031Z [1m[92m   Compiling[0m getrandom v0.4.3
2026-09-05T19:15:22.1926083Z [1m[92m    Checking[0m percent-encoding v2.3.2
2026-09-05T19:15:22.2735781Z [1m[92m    Checking[0m equivalent v1.0.2
2026-09-05T19:15:22.3075568Z [1m[92m   Compiling[0m serde_json v1.0.151
2026-09-05T19:15:22.4365685Z [1m[92m    Checking[0m digest v0.10.7
2026-09-05T19:15:22.6755394Z [1m[92m    Checking[0m tinystr v0.8.4
2026-09-05T19:15:23.0915463Z [1m[92m    Checking[0m litemap v0.8.3
2026-09-05T19:15:23.2261459Z [1m[92m    Checking[0m hashbrown v0.17.1
2026-09-05T19:15:23.5445547Z [1m[92m    Checking[0m writeable v0.6.4
2026-09-05T19:15:23.6845431Z [1m[92m    Checking[0m icu_locale_core v2.3.0
2026-09-05T19:15:23.7121016Z [1m[92m    Checking[0m indexmap v2.14.0
2026-09-05T19:15:24.3855750Z [1m[92m    Checking[0m potential_utf v0.1.6
2026-09-05T19:15:24.4455918Z [1m[92m    Checking[0m zerotrie v0.2.5
2026-09-05T19:15:24.5035736Z [1m[92m   Compiling[0m thiserror v2.0.20
2026-09-05T19:15:24.6026228Z [1m[92m    Checking[0m bitflags v2.13.1
2026-09-05T19:15:24.7125000Z [1m[92m   Compiling[0m crossbeam-utils v0.8.22
2026-09-05T19:15:24.7185916Z [1m[92m    Checking[0m utf8_iter v1.0.4
2026-09-05T19:15:24.7922264Z [1m[92m    Checking[0m icu_collections v2.3.0
2026-09-05T19:15:24.9475825Z [1m[92m    Checking[0m icu_provider v2.3.1
2026-09-05T19:15:25.2715376Z [1m[92m   Compiling[0m thiserror-impl v2.0.20
2026-09-05T19:15:25.3776763Z [1m[92m   Compiling[0m rustls v0.23.43
2026-09-05T19:15:25.4541417Z [1m[92m    Checking[0m tokio-util v0.7.19
2026-09-05T19:15:25.6566555Z [1m[92m   Compiling[0m httparse v1.10.1
2026-09-05T19:15:26.1294918Z [1m[92m    Checking[0m form_urlencoded v1.2.2
2026-09-05T19:15:26.1556150Z [1m[92m    Checking[0m http-body v1.1.0
2026-09-05T19:15:26.2615678Z [1m[92m   Compiling[0m ring v0.17.14
2026-09-05T19:15:26.3006014Z [1m[92m    Checking[0m byteorder v1.5.0
2026-09-05T19:15:26.3215529Z [1m[92m    Checking[0m zeroize v1.9.0
2026-09-05T19:15:26.4108194Z [1m[92m    Checking[0m tower-service v0.3.3
2026-09-05T19:15:26.4256268Z [1m[92m    Checking[0m cpufeatures v0.2.17
2026-09-05T19:15:26.4665556Z [1m[92m    Checking[0m icu_properties v2.3.0
2026-09-05T19:15:26.5065931Z [1m[92m    Checking[0m icu_normalizer v2.3.0
2026-09-05T19:15:26.5635855Z [1m[92m   Compiling[0m rustls-pki-types v1.15.1
2026-09-05T19:15:26.9767785Z [1m[92m    Checking[0m rand_core v0.6.4
2026-09-05T19:15:27.3255830Z [1m[92m    Checking[0m tinyvec_macros v0.1.1
2026-09-05T19:15:27.4235790Z [1m[92m    Checking[0m tinyvec v1.12.0
2026-09-05T19:15:27.4463294Z [1m[92m    Checking[0m idna_adapter v1.2.2
2026-09-05T19:15:29.1242193Z [1m[92m   Compiling[0m untrusted v0.9.0
2026-09-05T19:15:29.1700771Z [1m[92m    Checking[0m tower-layer v0.3.3
2026-09-05T19:15:29.6535717Z [1m[92m    Checking[0m unicode-normalization v0.1.25
2026-09-05T19:15:30.5451940Z [1m[92m    Checking[0m idna v1.1.0
2026-09-05T19:15:31.0873615Z [1m[92m    Checking[0m ppv-lite86 v0.2.21
2026-09-05T19:15:31.2656848Z [1m[92m   Compiling[0m async-trait v0.1.92
2026-09-05T19:15:32.2769924Z [1m[92m   Compiling[0m rustversion v1.0.23
2026-09-05T19:15:32.4138535Z [1m[92m    Checking[0m atomic-waker v1.1.2
2026-09-05T19:15:32.8129390Z [1m[92m    Checking[0m try-lock v0.2.5
2026-09-05T19:15:32.8403950Z [1m[92m    Checking[0m iana-time-zone v0.1.65
2026-09-05T19:15:32.8844894Z [1m[92m    Checking[0m fnv v1.0.7
2026-09-05T19:15:33.0148807Z [1m[92m   Compiling[0m vcpkg v0.2.15
2026-09-05T19:15:33.2365475Z [1m[92m    Checking[0m unicode-properties v0.1.4
2026-09-05T19:15:33.3304656Z [1m[92m    Checking[0m unicode-bidi v0.3.18
2026-09-05T19:15:33.4195981Z [1m[92m   Compiling[0m allocator-api2 v0.2.21
2026-09-05T19:15:33.5125247Z [1m[92m    Checking[0m httpdate v1.0.3
2026-09-05T19:15:33.6430660Z [1m[92m   Compiling[0m foldhash v0.1.5
2026-09-05T19:15:33.7428619Z [1m[92m   Compiling[0m pkg-config v0.3.34
2026-09-05T19:15:33.9740925Z [1m[92m   Compiling[0m hashbrown v0.15.5
2026-09-05T19:15:34.0424803Z [1m[92m   Compiling[0m openssl-sys v0.9.117
2026-09-05T19:15:34.3538558Z [1m[92m    Checking[0m stringprep v0.1.5
2026-09-05T19:15:34.5723723Z [1m[92m    Checking[0m h2 v0.4.18
2026-09-05T19:15:34.6328697Z [1m[92m    Checking[0m chrono v0.4.45
2026-09-05T19:15:35.2533686Z [1m[92m    Checking[0m want v0.3.1
2026-09-05T19:15:36.8269662Z [1m[92m    Checking[0m rand_chacha v0.3.1
2026-09-05T19:15:37.1327876Z [1m[92m    Checking[0m url v2.5.8
2026-09-05T19:15:38.4615567Z [1m[92m   Compiling[0m webpki-roots v1.0.9
2026-09-05T19:15:38.5505705Z [1m[92m    Checking[0m http-body-util v0.1.5
2026-09-05T19:15:38.9835997Z [1m[92m    Checking[0m uuid v1.25.0
2026-09-05T19:15:39.2375695Z [1m[92m   Compiling[0m rustls-webpki v0.103.15
2026-09-05T19:15:39.3606204Z [1m[92m    Checking[0m sync_wrapper v1.0.2
2026-09-05T19:15:39.7095682Z [1m[92m   Compiling[0m crc-catalog v2.5.0
2026-09-05T19:15:39.7956420Z [1m[92m    Checking[0m mime v0.3.17
2026-09-05T19:15:40.0385827Z [1m[92m   Compiling[0m parking v2.2.1
2026-09-05T19:15:40.0525979Z [1m[92m    Checking[0m cpufeatures v0.3.0
2026-09-05T19:15:40.1183956Z [1m[92m   Compiling[0m event-listener v5.4.2
2026-09-05T19:15:40.8635711Z [1m[92m   Compiling[0m crc v3.4.0
2026-09-05T19:15:41.5199385Z [1m[92m   Compiling[0m sha2 v0.10.9
2026-09-05T19:15:41.5495685Z [1m[92m   Compiling[0m crossbeam-queue v0.3.13
2026-09-05T19:15:41.8455685Z [1m[92m   Compiling[0m webpki-roots v0.26.11
2026-09-05T19:15:41.8796131Z [1m[92m   Compiling[0m tokio-stream v0.1.19
2026-09-05T19:15:42.2725486Z [1m[92m   Compiling[0m futures-intrusive v0.5.0
2026-09-05T19:15:42.6715643Z [1m[92m    Checking[0m rand v0.8.7
2026-09-05T19:15:42.9086438Z [1m[92m    Checking[0m hyper v1.11.0
2026-09-05T19:15:43.2405514Z [1m[92m   Compiling[0m hashlink v0.10.0
2026-09-05T19:15:43.5706022Z [1m[92m   Compiling[0m hmac v0.12.1
2026-09-05T19:15:43.6464865Z [1m[92m   Compiling[0m either v1.18.0
2026-09-05T19:15:43.6855976Z [1m[92m    Checking[0m hybrid-array v0.4.14
2026-09-05T19:15:43.9175562Z [1m[92m   Compiling[0m heck v0.5.0
2026-09-05T19:15:44.1505820Z [1m[92m    Checking[0m ipnet v2.12.1
2026-09-05T19:15:44.2765934Z [1m[92m   Compiling[0m thiserror v1.0.69
2026-09-05T19:15:44.4464607Z [1m[92m    Checking[0m ryu v1.0.23
2026-09-05T19:15:44.5880016Z [1m[92m   Compiling[0m sqlx-core v0.8.6
2026-09-05T19:15:45.0450648Z [1m[92m    Checking[0m hyper-util v0.1.20
2026-09-05T19:15:45.3497519Z [1m[92m   Compiling[0m hkdf v0.12.4
2026-09-05T19:15:46.0854521Z [1m[92m    Checking[0m chacha20 v0.10.1
2026-09-05T19:15:46.2426299Z [1m[92m    Checking[0m tower v0.5.3
2026-09-05T19:15:46.4805632Z [1m[92m   Compiling[0m atoi v2.0.0
2026-09-05T19:15:46.6235323Z [1m[92m   Compiling[0m md-5 v0.10.6
2026-09-05T19:15:46.6646197Z [1m[92m   Compiling[0m thiserror-impl v1.0.69
2026-09-05T19:15:46.8865574Z [1m[92m   Compiling[0m whoami v1.6.1
2026-09-05T19:15:46.9515461Z [1m[92m    Checking[0m lazy_static v1.5.0
2026-09-05T19:15:46.9891517Z [1m[92m   Compiling[0m time-core v0.1.9
2026-09-05T19:15:47.0775635Z [1m[92m   Compiling[0m dotenvy v0.15.7
2026-09-05T19:15:47.2145555Z [1m[92m   Compiling[0m home v0.5.12
2026-09-05T19:15:47.2766083Z [1m[92m    Checking[0m cmov v0.5.4
2026-09-05T19:15:47.3215651Z [1m[92m   Compiling[0m hex v0.4.3
2026-09-05T19:15:47.5225952Z [1m[92m   Compiling[0m num-conv v0.2.2
2026-09-05T19:15:47.6251744Z [1m[92m   Compiling[0m sqlx-postgres v0.8.6
2026-09-05T19:15:47.6345304Z [1m[92m   Compiling[0m time-macros v0.2.32
2026-09-05T19:15:47.7615345Z [1m[92m    Checking[0m ctutils v0.4.2
2026-09-05T19:15:48.0515994Z [1m[92m    Checking[0m rand v0.10.2
2026-09-05T19:15:48.7355793Z [1m[92m    Checking[0m serde_urlencoded v0.7.1
2026-09-05T19:15:48.8991963Z [1m[92m    Checking[0m crypto-common v0.2.2
2026-09-05T19:15:48.9246881Z [1m[92m    Checking[0m block-buffer v0.12.1
2026-09-05T19:15:49.4900495Z [1m[92m    Checking[0m num-integer v0.1.47
2026-09-05T19:15:49.8585528Z [1m[92m    Checking[0m deranged v0.5.8
2026-09-05T19:15:49.9555591Z [1m[92m   Compiling[0m openssl v0.10.81
2026-09-05T19:15:50.2335607Z [1m[92m    Checking[0m foreign-types-shared v0.1.1
2026-09-05T19:15:50.3665557Z [1m[92m    Checking[0m powerfmt v0.2.0
2026-09-05T19:15:50.4116117Z [1m[92m    Checking[0m const-oid v0.10.2
2026-09-05T19:15:50.5275689Z [1m[92m    Checking[0m digest v0.11.3
2026-09-05T19:15:50.6405746Z [1m[92m    Checking[0m foreign-types v0.3.2
2026-09-05T19:15:50.6845985Z [1m[92m    Checking[0m num-bigint v0.4.8
2026-09-05T19:15:50.8585866Z [1m[92m    Checking[0m time v0.3.55
2026-09-05T19:15:51.6925569Z [1m[92m   Compiling[0m sqlx-macros-core v0.8.6
2026-09-05T19:15:52.6525555Z [1m[92m    Checking[0m axum-core v0.4.5
2026-09-05T19:15:53.0685699Z [1m[92m   Compiling[0m axum-macros v0.4.2
2026-09-05T19:15:53.3346883Z [1m[92m   Compiling[0m openssl-macros v0.1.1
2026-09-05T19:15:53.5116487Z [1m[92m    Checking[0m serde_path_to_error v0.1.20
2026-09-05T19:15:53.9617588Z [1m[92m   Compiling[0m native-tls v0.2.18
2026-09-05T19:15:54.3352943Z [1m[92m    Checking[0m matchit v0.7.3
2026-09-05T19:15:54.3905644Z [1m[92m   Compiling[0m sqlx-macros v0.8.6
2026-09-05T19:15:54.6856821Z [1m[92m    Checking[0m axum v0.7.9
2026-09-05T19:15:55.4835348Z [1m[92m    Checking[0m simple_asn1 v0.6.4
2026-09-05T19:15:55.6315336Z [1m[92m    Checking[0m pem v3.0.6
2026-09-05T19:15:55.7285838Z [1m[92m   Compiling[0m indexmap v1.9.3
2026-09-05T19:15:55.8265576Z [1m[92m    Checking[0m encoding_rs v0.8.35
2026-09-05T19:15:56.7375450Z [1m[92m   Compiling[0m anyhow v1.0.104
2026-09-05T19:15:56.9176157Z [1m[92m    Checking[0m regex-syntax v0.8.11
2026-09-05T19:15:57.1037163Z [1m[92m    Checking[0m openssl-probe v0.2.1
2026-09-05T19:15:57.1535359Z [1m[92m    Checking[0m sqlx v0.8.6
2026-09-05T19:15:57.3016181Z [1m[92m    Checking[0m jsonwebtoken v9.3.1
2026-09-05T19:15:57.3405765Z [1m[92m   Compiling[0m pin-project-internal v1.1.13
2026-09-05T19:15:57.7305849Z [1m[92m    Checking[0m regex-automata v0.4.18
2026-09-05T19:15:57.8585430Z [1m[92m    Checking[0m hashbrown v0.12.3
2026-09-05T19:15:58.2731599Z [1m[92m    Checking[0m freebuff-shared v0.1.0 (/home/runner/work/freebuff/freebuff/crates/shared)
2026-09-05T19:15:58.3205638Z [1m[92m    Checking[0m pin-project v1.1.13
2026-09-05T19:15:58.3555573Z [1m[92m    Checking[0m tokio-native-tls v0.3.1
2026-09-05T19:15:58.5545432Z [1m[92m    Checking[0m md-5 v0.11.0
2026-09-05T19:15:58.5961905Z [1m[92m    Checking[0m hmac v0.13.0
2026-09-05T19:15:58.6390697Z [1m[92m    Checking[0m sha2 v0.11.0
2026-09-05T19:15:58.6885492Z [1m[92m    Checking[0m sharded-slab v0.1.7
2026-09-05T19:15:58.8975750Z [1m[91merror[E0433][0m[1m: cannot find module or crate `dotenvy` in this scope[0m
2026-09-05T19:15:58.9004797Z   [1m[94m--> [0mcrates/shared/src/config.rs:46:9
2026-09-05T19:15:58.9035662Z    [1m[94m|[0m
2026-09-05T19:15:58.9071491Z [1m[94m46[0m [1m[94m|[0m         dotenvy::dotenv().ok();
2026-09-05T19:15:58.9072699Z    [1m[94m|[0m         [1m[91m^^^^^^^[0m [1m[91muse of unresolved module or unlinked crate `dotenvy`[0m
2026-09-05T19:15:58.9089170Z    [1m[94m|[0m
2026-09-05T19:15:58.9125276Z    [1m[94m= [0m[1mhelp[0m: if you wanted to use a crate named `dotenvy`, use `cargo add dotenvy` to add it to your `Cargo.toml`
2026-09-05T19:15:58.9154365Z 
2026-09-05T19:15:58.9185010Z [1m[91merror[E0433][0m[1m: cannot find module or crate `dotenvy` in this scope[0m
2026-09-05T19:15:58.9214788Z    [1m[94m--> [0mcrates/shared/src/config.rs:108:9
2026-09-05T19:15:58.9244643Z     [1m[94m|[0m
2026-09-05T19:15:58.9275091Z [1m[94m108[0m [1m[94m|[0m         dotenvy::dotenv().ok();
2026-09-05T19:15:58.9305081Z     [1m[94m|[0m         [1m[91m^^^^^^^[0m [1m[91muse of unresolved module or unlinked crate `dotenvy`[0m
2026-09-05T19:15:58.9334653Z     [1m[94m|[0m
2026-09-05T19:15:58.9365253Z     [1m[94m= [0m[1mhelp[0m: if you wanted to use a crate named `dotenvy`, use `cargo add dotenvy` to add it to your `Cargo.toml`
2026-09-05T19:15:58.9394364Z 
2026-09-05T19:15:58.9424940Z [1m[91merror[E0433][0m[1m: cannot find module or crate `dotenvy` in this scope[0m
2026-09-05T19:15:58.9454857Z    [1m[94m--> [0mcrates/shared/src/config.rs:146:9
2026-09-05T19:15:58.9484636Z     [1m[94m|[0m
2026-09-05T19:15:58.9515037Z [1m[94m146[0m [1m[94m|[0m         dotenvy::dotenv().ok();
2026-09-05T19:15:58.9565060Z     [1m[94m|[0m         [1m[91m^^^^^^^[0m [1m[91muse of unresolved module or unlinked crate `dotenvy`[0m
2026-09-05T19:15:58.9619126Z     [1m[94m|[0m
2026-09-05T19:15:58.9620292Z     [1m[94m= [0m[1mhelp[0m: if you wanted to use a crate named `dotenvy`, use `cargo add dotenvy` to add it to your `Cargo.toml`
2026-09-05T19:15:58.9621110Z 
2026-09-05T19:15:59.0883532Z [1m[92m    Checking[0m hdrhistogram v7.6.0
2026-09-05T19:15:59.1669865Z [1m[92m    Checking[0m matchers v0.2.0
2026-09-05T19:15:59.2086115Z [1m[91merror[E0433][0m[1m: cannot find module or crate `anyhow` in this scope[0m
2026-09-05T19:15:59.2087179Z   [1m[94m--> [0mcrates/shared/src/errors.rs:80:11
2026-09-05T19:15:59.2104921Z    [1m[94m|[0m
2026-09-05T19:15:59.2106263Z [1m[94m80[0m [1m[94m|[0m impl From<anyhow::Error> for AppError {
2026-09-05T19:15:59.2107660Z    [1m[94m|[0m           [1m[91m^^^^^^[0m [1m[91muse of unresolved module or unlinked crate `anyhow`[0m
2026-09-05T19:15:59.2108847Z    [1m[94m|[0m
2026-09-05T19:15:59.2110117Z    [1m[94m= [0m[1mhelp[0m: if you wanted to use a crate named `anyhow`, use `cargo add anyhow` to add it to your `Cargo.toml`
2026-09-05T19:15:59.2111155Z 
2026-09-05T19:15:59.2111948Z [1m[91merror[E0433][0m[1m: cannot find module or crate `anyhow` in this scope[0m
2026-09-05T19:15:59.2113133Z   [1m[94m--> [0mcrates/shared/src/errors.rs:81:18
2026-09-05T19:15:59.2114275Z    [1m[94m|[0m
2026-09-05T19:15:59.2115313Z [1m[94m81[0m [1m[94m|[0m     fn from(err: anyhow::Error) -> Self {
2026-09-05T19:15:59.2116586Z    [1m[94m|[0m                  [1m[91m^^^^^^[0m [1m[91muse of unresolved module or unlinked crate `anyhow`[0m
2026-09-05T19:15:59.2117543Z    [1m[94m|[0m
2026-09-05T19:15:59.2118670Z    [1m[94m= [0m[1mhelp[0m: if you wanted to use a crate named `anyhow`, use `cargo add anyhow` to add it to your `Cargo.toml`
2026-09-05T19:15:59.2119686Z 
2026-09-05T19:15:59.2120351Z [1mFor more information about this error, try `rustc --explain E0433`.[0m
2026-09-05T19:15:59.2157377Z [1m[91merror[0m: could not compile `freebuff-shared` (lib) due to 5 previous errors
2026-09-05T19:15:59.2184973Z [1m[33mwarning[0m: build failed, waiting for other jobs to finish...
2026-09-05T19:15:59.3398449Z ##[error]Process completed with exit code 101.
2026-09-05T19:15:59.3531517Z Node 20 is being deprecated. This workflow is running with Node 24 by default. If you need to temporarily use Node 20, you can set the ACTIONS_ALLOW_USE_UNSECURE_NODE_VERSION=true environment variable. For more information see: https://github.blog/changelog/2025-09-19-deprecation-of-node-20-on-github-actions-runners/
2026-09-05T19:15:59.3532928Z Post job cleanup.
2026-09-05T19:15:59.4385399Z [command]/usr/bin/git version
2026-09-05T19:15:59.4431738Z git version 2.55.0
2026-09-05T19:15:59.4477642Z Temporarily overriding HOME='/home/runner/work/_temp/eb31dac3-f235-4fa8-bbb3-9abd80e58abc' before making global git config changes
2026-09-05T19:15:59.4478911Z Adding repository directory to the temporary git global config as a safe directory
2026-09-05T19:15:59.4484098Z [command]/usr/bin/git config --global --add safe.directory /home/runner/work/freebuff/freebuff
2026-09-05T19:15:59.4525963Z [command]/usr/bin/git config --local --name-only --get-regexp core\.sshCommand
2026-09-05T19:15:59.4563280Z [command]/usr/bin/git submodule foreach --recursive sh -c "git config --local --name-only --get-regexp 'core\.sshCommand' && git config --local --unset-all 'core.sshCommand' || :"
2026-09-05T19:15:59.4813010Z [command]/usr/bin/git config --local --name-only --get-regexp http\.https\:\/\/github\.com\/\.extraheader
2026-09-05T19:15:59.4842057Z http.https://github.com/.extraheader
2026-09-05T19:15:59.4853904Z [command]/usr/bin/git config --local --unset-all http.https://github.com/.extraheader
2026-09-05T19:15:59.4895789Z [command]/usr/bin/git submodule foreach --recursive sh -c "git config --local --name-only --get-regexp 'http\.https\:\/\/github\.com\/\.extraheader' && git config --local --unset-all 'http.https://github.com/.extraheader' || :"
2026-09-05T19:15:59.5170773Z [command]/usr/bin/git config --local --name-only --get-regexp ^includeIf\.gitdir:
2026-09-05T19:15:59.5217750Z [command]/usr/bin/git submodule foreach --recursive git config --local --show-origin --name-only --get-regexp remote.origin.url
2026-09-05T19:15:59.5619723Z Cleaning up orphan processes
2026-09-05T19:15:59.5901771Z ##[warning]Node.js 20 is deprecated. The following actions target Node.js 20 but are being forced to run on Node.js 24: actions/checkout@v4. For more information see: https://github.blog/changelog/2025-09-19-deprecation-of-node-20-on-github-actions-runners/
